Archive member included to satisfy reference by file (symbol)

/Users/zacharythornton/.silabs/slt/installs/conan/p/gcc-af360b79bab9e3/p/bin/../lib/gcc/arm-none-eabi/12.2.1/thumb/v8-m.main+fp/hard/libgcc.a(_aeabi_ldivmod.o)
                              CMakeFiles/slc.dir/base/Users/zacharythornton/.silabs/slt/installs/conan/p/simpl965e19baece23/p/platform_core/platform/emlib/src/em_eusart.c.obj (__aeabi_ldivmod)
/Users/zacharythornton/.silabs/slt/installs/conan/p/gcc-af360b79bab9e3/p/bin/../lib/gcc/arm-none-eabi/12.2.1/thumb/v8-m.main+fp/hard/libgcc.a(_aeabi_uldivmod.o)
                              CMakeFiles/slc.dir/base/Users/zacharythornton/.silabs/slt/installs/conan/p/simpl965e19baece23/p/platform_core/platform/emlib/src/em_eusart.c.obj (__aeabi_uldivmod)
/Users/zacharythornton/.silabs/slt/installs/conan/p/gcc-af360b79bab9e3/p/bin/../lib/gcc/arm-none-eabi/12.2.1/thumb/v8-m.main+fp/hard/libgcc.a(_udivmoddi4.o)
                              /Users/zacharythornton/.silabs/slt/installs/conan/p/gcc-af360b79bab9e3/p/bin/../lib/gcc/arm-none-eabi/12.2.1/thumb/v8-m.main+fp/hard/libgcc.a(_aeabi_ldivmod.o) (__udivmoddi4)
/Users/zacharythornton/.silabs/slt/installs/conan/p/gcc-af360b79bab9e3/p/bin/../lib/gcc/arm-none-eabi/12.2.1/thumb/v8-m.main+fp/hard/libgcc.a(_dvmd_tls.o)
                              /Users/zacharythornton/.silabs/slt/installs/conan/p/gcc-af360b79bab9e3/p/bin/../lib/gcc/arm-none-eabi/12.2.1/thumb/v8-m.main+fp/hard/libgcc.a(_aeabi_ldivmod.o) (__aeabi_ldiv0)
/Users/zacharythornton/.silabs/slt/installs/conan/p/gcc-af360b79bab9e3/p/bin/../lib/gcc/arm-none-eabi/12.2.1/../../../../arm-none-eabi/lib/thumb/v8-m.main+fp/hard/libc_nano.a(libc_a-exit.o)
                              /Users/zacharythornton/.silabs/slt/installs/conan/p/gcc-af360b79bab9e3/p/bin/../lib/gcc/arm-none-eabi/12.2.1/../../../../arm-none-eabi/lib/thumb/v8-m.main+fp/hard/crt0.o (exit)
/Users/zacharythornton/.silabs/slt/installs/conan/p/gcc-af360b79bab9e3/p/bin/../lib/gcc/arm-none-eabi/12.2.1/../../../../arm-none-eabi/lib/thumb/v8-m.main+fp/hard/libc_nano.a(libc_a-findfp.o)
                              /Users/zacharythornton/.silabs/slt/installs/conan/p/gcc-af360b79bab9e3/p/bin/../lib/gcc/arm-none-eabi/12.2.1/../../../../arm-none-eabi/lib/thumb/v8-m.main+fp/hard/libc_nano.a(libc_a-exit.o) (__stdio_exit_handler)
/Users/zacharythornton/.silabs/slt/installs/conan/p/gcc-af360b79bab9e3/p/bin/../lib/gcc/arm-none-eabi/12.2.1/../../../../arm-none-eabi/lib/thumb/v8-m.main+fp/hard/libc_nano.a(libc_a-fwalk.o)
                              /Users/zacharythornton/.silabs/slt/installs/conan/p/gcc-af360b79bab9e3/p/bin/../lib/gcc/arm-none-eabi/12.2.1/../../../../arm-none-eabi/lib/thumb/v8-m.main+fp/hard/libc_nano.a(libc_a-findfp.o) (_fwalk_sglue)
/Users/zacharythornton/.silabs/slt/installs/conan/p/gcc-af360b79bab9e3/p/bin/../lib/gcc/arm-none-eabi/12.2.1/../../../../arm-none-eabi/lib/thumb/v8-m.main+fp/hard/libc_nano.a(libc_a-memcmp.o)
                              CMakeFiles/slc.dir/base/Users/zacharythornton/.silabs/slt/installs/conan/p/simpl965e19baece23/p/bootloader/platform/bootloader/parser/gbl/btl_gbl_parser.c.obj (memcmp)
/Users/zacharythornton/.silabs/slt/installs/conan/p/gcc-af360b79bab9e3/p/bin/../lib/gcc/arm-none-eabi/12.2.1/../../../../arm-none-eabi/lib/thumb/v8-m.main+fp/hard/libc_nano.a(libc_a-memmove.o)
                              CMakeFiles/slc.dir/base/Users/zacharythornton/.silabs/slt/installs/conan/p/simpl965e19baece23/p/security_mbedtls/platform/security/sl_component/sl_psa_driver/src/sli_se_driver_cipher.c.obj (memmove)
/Users/zacharythornton/.silabs/slt/installs/conan/p/gcc-af360b79bab9e3/p/bin/../lib/gcc/arm-none-eabi/12.2.1/../../../../arm-none-eabi/lib/thumb/v8-m.main+fp/hard/libc_nano.a(libc_a-memset.o)
                              /Users/zacharythornton/.silabs/slt/installs/conan/p/gcc-af360b79bab9e3/p/bin/../lib/gcc/arm-none-eabi/12.2.1/../../../../arm-none-eabi/lib/thumb/v8-m.main+fp/hard/crt0.o (memset)
/Users/zacharythornton/.silabs/slt/installs/conan/p/gcc-af360b79bab9e3/p/bin/../lib/gcc/arm-none-eabi/12.2.1/../../../../arm-none-eabi/lib/thumb/v8-m.main+fp/hard/libc_nano.a(libc_a-impure.o)
                              /Users/zacharythornton/.silabs/slt/installs/conan/p/gcc-af360b79bab9e3/p/bin/../lib/gcc/arm-none-eabi/12.2.1/../../../../arm-none-eabi/lib/thumb/v8-m.main+fp/hard/libc_nano.a(libc_a-findfp.o) (_impure_data)
/Users/zacharythornton/.silabs/slt/installs/conan/p/gcc-af360b79bab9e3/p/bin/../lib/gcc/arm-none-eabi/12.2.1/../../../../arm-none-eabi/lib/thumb/v8-m.main+fp/hard/libc_nano.a(libc_a-init.o)
                              /Users/zacharythornton/.silabs/slt/installs/conan/p/gcc-af360b79bab9e3/p/bin/../lib/gcc/arm-none-eabi/12.2.1/../../../../arm-none-eabi/lib/thumb/v8-m.main+fp/hard/crt0.o (__libc_init_array)
/Users/zacharythornton/.silabs/slt/installs/conan/p/gcc-af360b79bab9e3/p/bin/../lib/gcc/arm-none-eabi/12.2.1/../../../../arm-none-eabi/lib/thumb/v8-m.main+fp/hard/libc_nano.a(libc_a-lock.o)
[...]
Memory Configuration

Name             Origin             Length             Attributes
FLASH            0x0000000008000000 0x0000000000006000 xr
RAM              0x0000000020000004 0x0000000000017ffc xrw
BOOTLOADER_RESET_REGION 0x0000000020000000 0x0000000000000004 xrw
*default*        0x0000000000000000 0xffffffffffffffff

Linker script and memory map

LOAD /Users/zacharythornton/.silabs/slt/installs/conan/p/gcc-af360b79bab9e3/p/bin/../lib/gcc/arm-none-eabi/12.2.1/thumb/v8-m.main+fp/hard/crti.o
LOAD /Users/zacharythornton/.silabs/slt/installs/conan/p/gcc-af360b79bab9e3/p/bin/../lib/gcc/arm-none-eabi/12.2.1/thumb/v8-m.main+fp/hard/crtbegin.o
LOAD /Users/zacharythornton/.silabs/slt/installs/conan/p/gcc-af360b79bab9e3/p/bin/../lib/gcc/arm-none-eabi/12.2.1/../../../../arm-none-eabi/lib/thumb/v8-m.main+fp/hard/crt0.o
LOAD CMakeFiles/slc.dir/base/Users/zacharythornton/.silabs/slt/installs/conan/p/simpl965e19baece23/p/bootloader/platform/bootloader/core/btl_bootload.c.obj
LOAD CMakeFiles/slc.dir/base/Users/zacharythornton/.silabs/slt/installs/conan/p/simpl965e19baece23/p/bootloader/platform/bootloader/core/btl_core.c.obj
LOAD CMakeFiles/slc.dir/base/Users/zacharythornton/.silabs/slt/installs/conan/p/simpl965e19baece23/p/bootloader/platform/bootloader/core/btl_main.c.obj
LOAD CMakeFiles/slc.dir/base/Users/zacharythornton/.silabs/slt/installs/conan/p/simpl965e19baece23/p/bootloader/platform/bootloader/core/btl_parse.c.obj
LOAD CMakeFiles/slc.dir/base/Users/zacharythornton/.silabs/slt/installs/conan/p/simpl965e19baece23/p/bootloader/platform/bootloader/core/btl_reset.c.obj
LOAD CMakeFiles/slc.dir/base/Users/zacharythornton/.silabs/slt/installs/conan/p/simpl965e19baece23/p/bootloader/platform/bootloader/core/flash/btl_internal_flash.c.obj
LOAD CMakeFiles/slc.dir/base/Users/zacharythornton/.silabs/slt/installs/conan/p/simpl965e19baece23/p/bootloader/platform/bootloader/debug/btl_debug.c.obj
LOAD CMakeFiles/slc.dir/base/Users/zacharythornton/.silabs/slt/installs/conan/p/simpl965e19baece23/p/bootloader/platform/bootloader/debug/btl_debug_swo.c.obj
LOAD CMakeFiles/slc.dir/base/Users/zacharythornton/.silabs/slt/installs/conan/p/simpl965e19baece23/p/bootloader/platform/bootloader/driver/btl_driver_util.c.obj
LOAD CMakeFiles/slc.dir/base/Users/zacharythornton/.silabs/slt/installs/conan/p/simpl965e19baece23/p/bootloader/platform/bootloader/parser/gbl/btl_gbl_custom_tags.c.obj
LOAD CMakeFiles/slc.dir/base/Users/zacharythornton/.silabs/slt/installs/conan/p/simpl965e19baece23/p/bootloader/platform/bootloader/parser/gbl/btl_gbl_format.c.obj
LOAD CMakeFiles/slc.dir/base/Users/zacharythornton/.silabs/slt/installs/conan/p/simpl965e19baece23/p/bootloader/platform/bootloader/parser/gbl/btl_gbl_parser.c.obj
LOAD CMakeFiles/slc.dir/base/Users/zacharythornton/.silabs/slt/installs/conan/p/simpl965e19baece23/p/bootloader/platform/bootloader/security/btl_crc16.c.obj
LOAD CMakeFiles/slc.dir/base/Users/zacharythornton/.silabs/slt/installs/conan/p/simpl965e19baece23/p/bootloader/platform/bootloader/security/btl_crc32.c.obj
LOAD CMakeFiles/slc.dir/base/Users/zacharythornton/.silabs/slt/installs/conan/p/simpl965e19baece23/p/bootloader/platform/bootloader/security/btl_security_aes.c.obj
LOAD CMakeFiles/slc.dir/base/Users/zacharythornton/.silabs/slt/installs/conan/p/simpl965e19baece23/p/bootloader/platform/bootloader/security/btl_security_ecdsa.c.obj
LOAD CMakeFiles/slc.dir/base/Users/zacharythornton/.silabs/slt/installs/conan/p/simpl965e19baece23/p/bootloader/platform/bootloader/security/btl_security_sha256.c.obj
LOAD CMakeFiles/slc.dir/base/Users/zacharythornton/.silabs/slt/installs/conan/p/simpl965e19baece23/p/bootloader/platform/bootloader/security/btl_security_tokens.c.obj
LOAD CMakeFiles/slc.dir/base/Users/zacharythornton/.silabs/slt/installs/conan/p/simpl965e19baece23/p/bootloader/platform/bootloader/security/ecc/ecc.c.obj
LOAD CMakeFiles/slc.dir/base/Users/zacharythornton/.silabs/slt/installs/conan/p/simpl965e19baece23/p/bootloader/platform/bootloader/security/sha/btl_sha256.c.obj
LOAD CMakeFiles/slc.dir/base/Users/zacharythornton/.silabs/slt/installs/conan/p/simpl965e19baece23/p/bootloader/platform/bootloader/security/sha/crypto_sha.c.obj
LOAD CMakeFiles/slc.dir/base/Users/zacharythornton/.silabs/slt/installs/conan/p/simpl965e19baece23/p/bootloader/platform/bootloader/security/sha/cryptoacc_sha.c.obj
LOAD CMakeFiles/slc.dir/base/Users/zacharythornton/.silabs/slt/installs/conan/p/simpl965e19baece23/p/bootloader/platform/bootloader/security/sha/se_sha.c.obj
LOAD CMakeFiles/slc.dir/base/Users/zacharythornton/.silabs/slt/installs/conan/p/simpl965e19baece23/p/bootloader/platform/bootloader/storage/bootloadinfo/btl_storage_bootloadinfo_single.c.obj
LOAD CMakeFiles/slc.dir/base/Users/zacharythornton/.silabs/slt/installs/conan/p/simpl965e19baece23/p/bootloader/platform/bootloader/storage/btl_storage.c.obj
LOAD CMakeFiles/slc.dir/base/Users/zacharythornton/.silabs/slt/installs/conan/p/simpl965e19baece23/p/bootloader/platform/bootloader/storage/btl_storage_library.c.obj
LOAD CMakeFiles/slc.dir/base/Users/zacharythornton/.silabs/slt/installs/conan/p/simpl965e19baece23/p/bootloader/platform/bootloader/storage/internal_flash/btl_storage_internal_flash.c.obj
LOAD CMakeFiles/slc.dir/base/Users/zacharythornton/.silabs/slt/installs/conan/p/simpl965e19baece23/p/bootloader/platform/bootloader/storage/internal_flash/btl_storage_internal_flash_raw.c.obj
LOAD CMakeFiles/slc.dir/base/Users/zacharythornton/.silabs/slt/installs/conan/p/simpl965e19baece23/p/devices/platform/Device/SiliconLabs/EFR32BG24/Source/startup_efr32bg24.c.obj
LOAD CMakeFiles/slc.dir/base/Users/zacharythornton/.silabs/slt/installs/conan/p/simpl965e19baece23/p/devices/platform/Device/SiliconLabs/EFR32BG24/Source/system_efr32bg24.c.obj
LOAD CMakeFiles/slc.dir/base/Users/zacharythornton/.silabs/slt/installs/conan/p/simpl965e19baece23/p/platform_common/platform/common/src/sl_assert.c.obj
LOAD CMakeFiles/slc.dir/base/Users/zacharythornton/.silabs/slt/installs/conan/p/simpl965e19baece23/p/platform_common/platform/common/src/sl_syscalls.c.obj
LOAD CMakeFiles/slc.dir/base/Users/zacharythornton/.silabs/slt/installs/conan/p/simpl965e19baece23/p/platform_core/platform/common/src/sl_core_cortexm.c.obj
LOAD CMakeFiles/slc.dir/base/Users/zacharythornton/.silabs/slt/installs/conan/p/simpl965e19baece23/p/platform_core/platform/emlib/src/em_acmp.c.obj
LOAD CMakeFiles/slc.dir/base/Users/zacharythornton/.silabs/slt/installs/conan/p/simpl965e19baece23/p/platform_core/platform/emlib/src/em_burtc.c.obj
LOAD CMakeFiles/slc.dir/base/Users/zacharythornton/.silabs/slt/installs/conan/p/simpl965e19baece23/p/platform_core/platform/emlib/src/em_cmu.c.obj
LOAD CMakeFiles/slc.dir/base/Users/zacharythornton/.silabs/slt/installs/conan/p/simpl965e19baece23/p/platform_core/platform/emlib/src/em_dbg.c.obj
LOAD CMakeFiles/slc.dir/base/Users/zacharythornton/.silabs/slt/installs/conan/p/simpl965e19baece23/p/platform_core/platform/emlib/src/em_emu.c.obj
LOAD CMakeFiles/slc.dir/base/Users/zacharythornton/.silabs/slt/installs/conan/p/simpl965e19baece23/p/platform_core/platform/emlib/src/em_eusart.c.obj
LOAD CMakeFiles/slc.dir/base/Users/zacharythornton/.silabs/slt/installs/conan/p/simpl965e19baece23/p/platform_core/platform/emlib/src/em_gpcrc.c.obj
LOAD CMakeFiles/slc.dir/base/Users/zacharythornton/.silabs/slt/installs/conan/p/simpl965e19baece23/p/platform_core/platform/emlib/src/em_gpio.c.obj
LOAD CMakeFiles/slc.dir/base/Users/zacharythornton/.silabs/slt/installs/conan/p/simpl965e19baece23/p/platform_core/platform/emlib/src/em_i2c.c.obj
LOAD CMakeFiles/slc.dir/base/Users/zacharythornton/.silabs/slt/installs/conan/p/simpl965e19baece23/p/platform_core/platform/emlib/src/em_iadc.c.obj
LOAD CMakeFiles/slc.dir/base/Users/zacharythornton/.silabs/slt/installs/conan/p/simpl965e19baece23/p/platform_core/platform/emlib/src/em_ldma.c.obj
LOAD CMakeFiles/slc.dir/base/Users/zacharythornton/.silabs/slt/installs/conan/p/simpl965e19baece23/p/platform_core/platform/emlib/src/em_letimer.c.obj
LOAD CMakeFiles/slc.dir/base/Users/zacharythornton/.silabs/slt/installs/conan/p/simpl965e19baece23/p/platform_core/platform/emlib/src/em_msc.c.obj
LOAD CMakeFiles/slc.dir/base/Users/zacharythornton/.silabs/slt/installs/conan/p/simpl965e19baece23/p/platform_core/platform/emlib/src/em_opamp.c.obj
LOAD CMakeFiles/slc.dir/base/Users/zacharythornton/.silabs/slt/installs/conan/p/simpl965e19baece23/p/platform_core/platform/emlib/src/em_pcnt.c.obj
LOAD CMakeFiles/slc.dir/base/Users/zacharythornton/.silabs/slt/installs/conan/p/simpl965e19baece23/p/platform_core/platform/emlib/src/em_prs.c.obj
LOAD CMakeFiles/slc.dir/base/Users/zacharythornton/.silabs/slt/installs/conan/p/simpl965e19baece23/p/platform_core/platform/emlib/src/em_rmu.c.obj
LOAD CMakeFiles/slc.dir/base/Users/zacharythornton/.silabs/slt/installs/conan/p/simpl965e19baece23/p/platform_core/platform/emlib/src/em_system.c.obj
LOAD CMakeFiles/slc.dir/base/Users/zacharythornton/.silabs/slt/installs/conan/p/simpl965e19baece23/p/platform_core/platform/emlib/src/em_timer.c.obj
LOAD CMakeFiles/slc.dir/base/Users/zacharythornton/.silabs/slt/installs/conan/p/simpl965e19baece23/p/platform_core/platform/emlib/src/em_usart.c.obj
LOAD CMakeFiles/slc.dir/base/Users/zacharythornton/.silabs/slt/installs/conan/p/simpl965e19baece23/p/platform_core/platform/emlib/src/em_vdac.c.obj
LOAD CMakeFiles/slc.dir/base/Users/zacharythornton/.silabs/slt/installs/conan/p/simpl965e19baece23/p/platform_core/platform/emlib/src/em_wdog.c.obj
LOAD CMakeFiles/slc.dir/base/Users/zacharythornton/.silabs/slt/installs/conan/p/simpl965e19baece23/p/platform_core/platform/service/memory_manager/src/sl_memory_manager.c.obj
LOAD CMakeFiles/slc.dir/base/Users/zacharythornton/.silabs/slt/installs/conan/p/simpl965e19baece23/p/platform_core/platform/service/memory_manager/src/sl_memory_manager_dynamic_reservation.c.obj
LOAD CMakeFiles/slc.dir/base/Users/zacharythornton/.silabs/slt/installs/conan/p/simpl965e19baece23/p/platform_core/platform/service/memory_manager/src/sl_memory_manager_pool.c.obj
LOAD CMakeFiles/slc.dir/base/Users/zacharythornton/.silabs/slt/installs/conan/p/simpl965e19baece23/p/platform_core/platform/service/memory_manager/src/sl_memory_manager_pool_common.c.obj
LOAD CMakeFiles/slc.dir/base/Users/zacharythornton/.silabs/slt/installs/conan/p/simpl965e19baece23/p/platform_core/platform/service/memory_manager/src/sl_memory_manager_region.c.obj
LOAD CMakeFiles/slc.dir/base/Users/zacharythornton/.silabs/slt/installs/conan/p/simpl965e19baece23/p/platform_core/platform/service/memory_manager/src/sl_memory_manager_retarget.c.obj
LOAD CMakeFiles/slc.dir/base/Users/zacharythornton/.silabs/slt/installs/conan/p/simpl965e19baece23/p/platform_core/platform/service/memory_manager/src/sli_memory_manager_common.c.obj
LOAD CMakeFiles/slc.dir/base/Users/zacharythornton/.silabs/slt/installs/conan/p/simpl965e19baece23/p/security_mbedtls/platform/security/sl_component/sl_mbedtls_support/src/se_aes.c.obj
LOAD CMakeFiles/slc.dir/base/Users/zacharythornton/.silabs/slt/installs/conan/p/simpl965e19baece23/p/security_mbedtls/platform/security/sl_component/sl_mbedtls_support/src/sl_mbedtls.c.obj
LOAD CMakeFiles/slc.dir/base/Users/zacharythornton/.silabs/slt/installs/conan/p/simpl965e19baece23/p/security_mbedtls/platform/security/sl_component/sl_psa_driver/src/sli_psa_driver_common.c.obj
LOAD CMakeFiles/slc.dir/base/Users/zacharythornton/.silabs/slt/installs/conan/p/simpl965e19baece23/p/security_mbedtls/platform/security/sl_component/sl_psa_driver/src/sli_psa_driver_init.c.obj
LOAD CMakeFiles/slc.dir/base/Users/zacharythornton/.silabs/slt/installs/conan/p/simpl965e19baece23/p/security_mbedtls/platform/security/sl_component/sl_psa_driver/src/sli_se_driver_aead.c.obj
LOAD CMakeFiles/slc.dir/base/Users/zacharythornton/.silabs/slt/installs/conan/p/simpl965e19baece23/p/security_mbedtls/platform/security/sl_component/sl_psa_driver/src/sli_se_driver_builtin_keys.c.obj
LOAD CMakeFiles/slc.dir/base/Users/zacharythornton/.silabs/slt/installs/conan/p/simpl965e19baece23/p/security_mbedtls/platform/security/sl_component/sl_psa_driver/src/sli_se_driver_cipher.c.obj
LOAD CMakeFiles/slc.dir/base/Users/zacharythornton/.silabs/slt/installs/conan/p/simpl965e19baece23/p/security_mbedtls/platform/security/sl_component/sl_psa_driver/src/sli_se_driver_key_derivation.c.obj
LOAD CMakeFiles/slc.dir/base/Users/zacharythornton/.silabs/slt/installs/conan/p/simpl965e19baece23/p/security_mbedtls/platform/security/sl_component/sl_psa_driver/src/sli_se_driver_key_management.c.obj
LOAD CMakeFiles/slc.dir/base/Users/zacharythornton/.silabs/slt/installs/conan/p/simpl965e19baece23/p/security_mbedtls/platform/security/sl_component/sl_psa_driver/src/sli_se_driver_mac.c.obj
LOAD CMakeFiles/slc.dir/base/Users/zacharythornton/.silabs/slt/installs/conan/p/simpl965e19baece23/p/security_mbedtls/platform/security/sl_component/sl_psa_driver/src/sli_se_driver_signature.c.obj
LOAD CMakeFiles/slc.dir/base/Users/zacharythornton/.silabs/slt/installs/conan/p/simpl965e19baece23/p/security_mbedtls/platform/security/sl_component/sl_psa_driver/src/sli_se_opaque_driver_aead.c.obj
LOAD CMakeFiles/slc.dir/base/Users/zacharythornton/.silabs/slt/installs/conan/p/simpl965e19baece23/p/security_mbedtls/platform/security/sl_component/sl_psa_driver/src/sli_se_opaque_driver_cipher.c.obj
LOAD CMakeFiles/slc.dir/base/Users/zacharythornton/.silabs/slt/installs/conan/p/simpl965e19baece23/p/security_mbedtls/platform/security/sl_component/sl_psa_driver/src/sli_se_opaque_driver_mac.c.obj
LOAD CMakeFiles/slc.dir/base/Users/zacharythornton/.silabs/slt/installs/conan/p/simpl965e19baece23/p/security_mbedtls/platform/security/sl_component/sl_psa_driver/src/sli_se_opaque_key_derivation.c.obj
LOAD CMakeFiles/slc.dir/base/Users/zacharythornton/.silabs/slt/installs/conan/p/simpl965e19baece23/p/security_mbedtls/platform/security/sl_component/sl_psa_driver/src/sli_se_transparent_driver_aead.c.obj
LOAD CMakeFiles/slc.dir/base/Users/zacharythornton/.silabs/slt/installs/conan/p/simpl965e19baece23/p/security_mbedtls/platform/security/sl_component/sl_psa_driver/src/sli_se_transparent_driver_cipher.c.obj
LOAD CMakeFiles/slc.dir/base/Users/zacharythornton/.silabs/slt/installs/conan/p/simpl965e19baece23/p/security_mbedtls/platform/security/sl_component/sl_psa_driver/src/sli_se_transparent_driver_hash.c.obj
LOAD CMakeFiles/slc.dir/base/Users/zacharythornton/.silabs/slt/installs/conan/p/simpl965e19baece23/p/security_mbedtls/platform/security/sl_component/sl_psa_driver/src/sli_se_transparent_driver_mac.c.obj
LOAD CMakeFiles/slc.dir/base/Users/zacharythornton/.silabs/slt/installs/conan/p/simpl965e19baece23/p/security_mbedtls/platform/security/sl_component/sl_psa_driver/src/sli_se_transparent_key_derivation.c.obj
LOAD CMakeFiles/slc.dir/base/Users/zacharythornton/.silabs/slt/installs/conan/p/simpl965e19baece23/p/security_mbedtls/platform/security/sl_component/sl_psa_driver/src/sli_se_version_dependencies.c.obj
LOAD CMakeFiles/slc.dir/base/Users/zacharythornton/.silabs/slt/installs/conan/p/simpl965e19baece23/p/security_mbedtls_source/library/aes.c.obj
LOAD CMakeFiles/slc.dir/base/Users/zacharythornton/.silabs/slt/installs/conan/p/simpl965e19baece23/p/security_mbedtls_source/library/constant_time.c.obj
LOAD CMakeFiles/slc.dir/base/Users/zacharythornton/.silabs/slt/installs/conan/p/simpl965e19baece23/p/security_mbedtls_source/library/platform.c.obj
LOAD CMakeFiles/slc.dir/base/Users/zacharythornton/.silabs/slt/installs/conan/p/simpl965e19baece23/p/security_mbedtls_source/library/platform_util.c.obj
LOAD CMakeFiles/slc.dir/base/Users/zacharythornton/.silabs/slt/installs/conan/p/simpl965e19baece23/p/security_mbedtls_source/library/psa_crypto_client.c.obj
LOAD CMakeFiles/slc.dir/base/Users/zacharythornton/.silabs/slt/installs/conan/p/simpl965e19baece23/p/security_mbedtls_source/library/psa_util.c.obj
LOAD CMakeFiles/slc.dir/base/Users/zacharythornton/.silabs/slt/installs/conan/p/simpl965e19baece23/p/security_mbedtls_source/library/threading.c.obj
LOAD CMakeFiles/slc.dir/base/Users/zacharythornton/.silabs/slt/installs/conan/p/simpl965e19baece23/p/security_se_manager/platform/security/sl_component/se_manager/src/sl_se_manager.c.obj
LOAD CMakeFiles/slc.dir/base/Users/zacharythornton/.silabs/slt/installs/conan/p/simpl965e19baece23/p/security_se_manager/platform/security/sl_component/se_manager/src/sl_se_manager_attestation.c.obj
LOAD CMakeFiles/slc.dir/base/Users/zacharythornton/.silabs/slt/installs/conan/p/simpl965e19baece23/p/security_se_manager/platform/security/sl_component/se_manager/src/sl_se_manager_cipher.c.obj
LOAD CMakeFiles/slc.dir/base/Users/zacharythornton/.silabs/slt/installs/conan/p/simpl965e19baece23/p/security_se_manager/platform/security/sl_component/se_manager/src/sl_se_manager_entropy.c.obj
LOAD CMakeFiles/slc.dir/base/Users/zacharythornton/.silabs/slt/installs/conan/p/simpl965e19baece23/p/security_se_manager/platform/security/sl_component/se_manager/src/sl_se_manager_hash.c.obj
LOAD CMakeFiles/slc.dir/base/Users/zacharythornton/.silabs/slt/installs/conan/p/simpl965e19baece23/p/security_se_manager/platform/security/sl_component/se_manager/src/sl_se_manager_key_derivation.c.obj
LOAD CMakeFiles/slc.dir/base/Users/zacharythornton/.silabs/slt/installs/conan/p/simpl965e19baece23/p/security_se_manager/platform/security/sl_component/se_manager/src/sl_se_manager_key_handling.c.obj
LOAD CMakeFiles/slc.dir/base/Users/zacharythornton/.silabs/slt/installs/conan/p/simpl965e19baece23/p/security_se_manager/platform/security/sl_component/se_manager/src/sl_se_manager_signature.c.obj
LOAD CMakeFiles/slc.dir/base/Users/zacharythornton/.silabs/slt/installs/conan/p/simpl965e19baece23/p/security_se_manager/platform/security/sl_component/se_manager/src/sl_se_manager_util.c.obj
LOAD CMakeFiles/slc.dir/base/Users/zacharythornton/.silabs/slt/installs/conan/p/simpl965e19baece23/p/security_se_manager/platform/security/sl_component/se_manager/src/sli_se_manager_mailbox.c.obj
LOAD CMakeFiles/slc.dir/base/Users/zacharythornton/.silabs/slt/installs/conan/p/simpl965e19baece23/p/security_tfm/lib/fih/src/fih.c.obj
LOAD CMakeFiles/slc.dir/base/Users/zacharythornton/.silabs/slt/installs/conan/p/simpl965e19baece23/p/security_tfm/platform/ext/target/siliconlabs/hse/sli_se.c.obj
START GROUP
LOAD /Users/zacharythornton/.silabs/slt/installs/conan/p/gcc-af360b79bab9e3/p/bin/../lib/gcc/arm-none-eabi/12.2.1/thumb/v8-m.main+fp/hard/libgcc.a
LOAD /Users/zacharythornton/.silabs/slt/installs/conan/p/gcc-af360b79bab9e3/p/bin/../lib/gcc/arm-none-eabi/12.2.1/../../../../arm-none-eabi/lib/thumb/v8-m.main+fp/hard/libc_nano.a
LOAD /Users/zacharythornton/.silabs/slt/installs/conan/p/gcc-af360b79bab9e3/p/bin/../lib/gcc/arm-none-eabi/12.2.1/../../../../arm-none-eabi/lib/thumb/v8-m.main+fp/hard/libm.a
LOAD /Users/zacharythornton/.silabs/slt/installs/conan/p/gcc-af360b79bab9e3/p/bin/../lib/gcc/arm-none-eabi/12.2.1/../../../../arm-none-eabi/lib/thumb/v8-m.main+fp/hard/libnosys.a
END GROUP
START GROUP
LOAD /Users/zacharythornton/.silabs/slt/installs/conan/p/gcc-af360b79bab9e3/p/bin/../lib/gcc/arm-none-eabi/12.2.1/thumb/v8-m.main+fp/hard/libgcc.a
LOAD /Users/zacharythornton/.silabs/slt/installs/conan/p/gcc-af360b79bab9e3/p/bin/../lib/gcc/arm-none-eabi/12.2.1/../../../../arm-none-eabi/lib/thumb/v8-m.main+fp/hard/libc_nano.a
END GROUP
START GROUP
LOAD /Users/zacharythornton/.silabs/slt/installs/conan/p/gcc-af360b79bab9e3/p/bin/../lib/gcc/arm-none-eabi/12.2.1/thumb/v8-m.main+fp/hard/libgcc.a
LOAD /Users/zacharythornton/.silabs/slt/installs/conan/p/gcc-af360b79bab9e3/p/bin/../lib/gcc/arm-none-eabi/12.2.1/../../../../arm-none-eabi/lib/thumb/v8-m.main+fp/hard/libc_nano.a
END GROUP
LOAD /Users/zacharythornton/.silabs/slt/installs/conan/p/gcc-af360b79bab9e3/p/bin/../lib/gcc/arm-none-eabi/12.2.1/thumb/v8-m.main+fp/hard/crtend.o
LOAD /Users/zacharythornton/.silabs/slt/installs/conan/p/gcc-af360b79bab9e3/p/bin/../lib/gcc/arm-none-eabi/12.2.1/thumb/v8-m.main+fp/hard/crtn.o

.vectors        0x0000000008000000      0x170
                0x0000000008000000                linker_vectors_begin = .
 *(.vectors)
 .vectors       0x0000000008000000      0x170 CMakeFiles/slc.dir/base/Users/zacharythornton/.silabs/slt/installs/conan/p/simpl965e19baece23/p/devices/platform/Device/SiliconLabs/EFR32BG24/Source/startup_efr32bg24.c.obj
                0x0000000008000000                __Vectors
                0x0000000008000170                linker_vectors_end = .
                0x0000000008000170                __Vectors_End = .
                0x0000000008000170                __Vectors_Size = (__Vectors_End - __Vectors)

.bootloader_reset_section
                0x0000000020000000        0x4
                0x0000000020000000                __ResetReasonStart__ = .
                0x0000000020000004                . = (. + 0x4)
 *fill*         0x0000000020000000        0x4 
                0x0000000020000004                . = ALIGN (0x4)
                0x0000000020000004                __ResetReasonEnd__ = .

.stack          0x0000000020000008     0x1000
                0x0000000020000008                . = ALIGN (0x8)
                0x0000000020000008                __StackLimit = .
 *(.stack*)
 .stack         0x0000000020000008     0x1000 CMakeFiles/slc.dir/base/Users/zacharythornton/.silabs/slt/installs/conan/p/simpl965e19baece23/p/platform_core/platform/service/memory_manager/src/sl_memory_manager_region.c.obj
                0x0000000020001008                . = ALIGN (0x4)
                0x0000000020001008                __StackTop = .
                0x0000000020001008                PROVIDE (__stack = __StackTop)

.stackseal      0x0000000020001008        0x8
                0x0000000020001008                __StackSeal = .
                0x0000000020001010                . = (. + 0x8)
 *fill*         0x0000000020001008        0x8 
                0x0000000020001010                . = ALIGN (0x8)

.bss            0x0000000020001010       0x1c
                0x0000000020001010                . = ALIGN (0x4)
                0x0000000020001010                __bss_start__ = .
 *(SORT_BY_ALIGNMENT(.bss*))
 .bss.object.0  0x0000000020001010       0x18 /Users/zacharythornton/.silabs/slt/installs/conan/p/gcc-af360b79bab9e3/p/bin/../lib/gcc/arm-none-eabi/12.2.1/thumb/v8-m.main+fp/hard/crtbegin.o
 .bss.completed.1
                0x0000000020001028        0x1 /Users/zacharythornton/.silabs/slt/installs/conan/p/gcc-af360b79bab9e3/p/bin/../lib/gcc/arm-none-eabi/12.2.1/thumb/v8-m.main+fp/hard/crtbegin.o
 *(COMMON)
                0x000000002000102c                . = ALIGN (0x4)
 *fill*         0x0000000020001029        0x3 
                0x000000002000102c                __bss_end__ = .

.noinit
 *(.noinit*)

text_application_ram
                0x000000002000102c        0x0 load address 0x0000000008000170
                0x000000002000102c                . = ALIGN (0x4)
                0x000000002000102c                __vma_ramfuncs_start__ = .
 *(text_application_ram)
                0x000000002000102c                . = ALIGN (0x4)
                0x000000002000102c                __vma_ramfuncs_end__ = .
                0x0000000008000170                __lma_ramfuncs_start__ = LOADADDR (text_application_ram)
                0x0000000008000170                __lma_ramfuncs_end__ = (LOADADDR (text_application_ram) + SIZEOF (text_application_ram))

.rodata

.text           0x0000000008000170     0x25b8
                0x0000000008000170                linker_code_begin = .
 *(SORT_BY_ALIGNMENT(.text*))
 .text.Reset_Handler
                0x0000000008000170       0x40 CMakeFiles/slc.dir/base/Users/zacharythornton/.silabs/slt/installs/conan/p/simpl965e19baece23/p/devices/platform/Device/SiliconLabs/EFR32BG24/Source/startup_efr32bg24.c.obj
                0x0000000008000170                Reset_Handler
 .text.deregister_tm_clones
                0x00000000080001b0       0x1c /Users/zacharythornton/.silabs/slt/installs/conan/p/gcc-af360b79bab9e3/p/bin/../lib/gcc/arm-none-eabi/12.2.1/thumb/v8-m.main+fp/hard/crtbegin.o
 .text.register_tm_clones
                0x00000000080001cc       0x28 /Users/zacharythornton/.silabs/slt/installs/conan/p/gcc-af360b79bab9e3/p/bin/../lib/gcc/arm-none-eabi/12.2.1/thumb/v8-m.main+fp/hard/crtbegin.o
 .text.__do_global_dtors_aux
                0x00000000080001f4       0x28 /Users/zacharythornton/.silabs/slt/installs/conan/p/gcc-af360b79bab9e3/p/bin/../lib/gcc/arm-none-eabi/12.2.1/thumb/v8-m.main+fp/hard/crtbegin.o
 .text.frame_dummy
                0x000000000800021c       0x24 /Users/zacharythornton/.silabs/slt/installs/conan/p/gcc-af360b79bab9e3/p/bin/../lib/gcc/arm-none-eabi/12.2.1/thumb/v8-m.main+fp/hard/crtbegin.o
 .text.bootload_applicationCallback
                0x0000000008000240       0x2c CMakeFiles/slc.dir/base/Users/zacharythornton/.silabs/slt/installs/conan/p/simpl965e19baece23/p/bootloader/platform/bootloader/core/btl_bootload.c.obj
                0x0000000008000240                bootload_applicationCallback
 .text.bootload_bootloaderCallback
                0x000000000800026c       0x48 CMakeFiles/slc.dir/base/Users/zacharythornton/.silabs/slt/installs/conan/p/simpl965e19baece23/p/bootloader/platform/bootloader/core/btl_bootload.c.obj
                0x000000000800026c                bootload_bootloaderCallback
 .text.bootload_checkApplicationPropertiesMagic
                0x00000000080002b4       0x4c CMakeFiles/slc.dir/base/Users/zacharythornton/.silabs/slt/installs/conan/p/simpl965e19baece23/p/bootloader/platform/bootloader/core/btl_bootload.c.obj
                0x00000000080002b4                bootload_checkApplicationPropertiesMagic
 .text.bootload_verifyApplication
                0x0000000008000300       0xe8 CMakeFiles/slc.dir/base/Users/zacharythornton/.silabs/slt/installs/conan/p/simpl965e19baece23/p/bootloader/platform/bootloader/core/btl_bootload.c.obj
                0x0000000008000300                bootload_verifyApplication
 .text.bootload_commitBootloaderUpgrade
                0x00000000080003e8       0x94 CMakeFiles/slc.dir/base/Users/zacharythornton/.silabs/slt/installs/conan/p/simpl965e19baece23/p/bootloader/platform/bootloader/core/btl_bootload.c.obj
                0x00000000080003e8                bootload_commitBootloaderUpgrade
 .text.bootload_commitSeUpgrade
                0x000000000800047c       0x6c CMakeFiles/slc.dir/base/Users/zacharythornton/.silabs/slt/installs/conan/p/simpl965e19baece23/p/bootloader/platform/bootloader/core/btl_bootload.c.obj
                0x000000000800047c                bootload_commitSeUpgrade
 .text.bootload_getSeVersion
                0x00000000080004e8       0x50 CMakeFiles/slc.dir/base/Users/zacharythornton/.silabs/slt/installs/conan/p/simpl965e19baece23/p/bootloader/platform/bootloader/core/btl_bootload.c.obj
                0x00000000080004e8                bootload_getSeVersion
 .text.bootload_getUpgradeLocation
                0x0000000008000538        0x8 CMakeFiles/slc.dir/base/Users/zacharythornton/.silabs/slt/installs/conan/p/simpl965e19baece23/p/bootloader/platform/bootloader/core/btl_bootload.c.obj
                0x0000000008000538                bootload_getUpgradeLocation
 .text.btl_getPeripheralList
                0x0000000008000540       0x30 CMakeFiles/slc.dir/base/Users/zacharythornton/.silabs/slt/installs/conan/p/simpl965e19baece23/p/bootloader/platform/bootloader/core/btl_main.c.obj
 .text.SystemInit2
                0x0000000008000570       0x98 CMakeFiles/slc.dir/base/Users/zacharythornton/.silabs/slt/installs/conan/p/simpl965e19baece23/p/bootloader/platform/bootloader/core/btl_main.c.obj
                0x0000000008000570                SystemInit2
 .text.reset_invalidateResetReason
                0x0000000008000608       0x10 CMakeFiles/slc.dir/base/Users/zacharythornton/.silabs/slt/installs/conan/p/simpl965e19baece23/p/bootloader/platform/bootloader/core/btl_reset.c.obj
                0x0000000008000608                reset_invalidateResetReason
 .text.reset_enableResetCounter
                0x0000000008000618       0x10 CMakeFiles/slc.dir/base/Users/zacharythornton/.silabs/slt/installs/conan/p/simpl965e19baece23/p/bootloader/platform/bootloader/core/btl_reset.c.obj
                0x0000000008000618                reset_enableResetCounter
 .text.reset_disableResetCounter
                0x0000000008000628       0x10 CMakeFiles/slc.dir/base/Users/zacharythornton/.silabs/slt/installs/conan/p/simpl965e19baece23/p/bootloader/platform/bootloader/core/btl_reset.c.obj
                0x0000000008000628                reset_disableResetCounter
 .text.reset_resetCounterEnabled
                0x0000000008000638       0x1c CMakeFiles/slc.dir/base/Users/zacharythornton/.silabs/slt/installs/conan/p/simpl965e19baece23/p/bootloader/platform/bootloader/core/btl_reset.c.obj
                0x0000000008000638                reset_resetCounterEnabled
 .text.reset_setResetReason
                0x0000000008000654       0x18 CMakeFiles/slc.dir/base/Users/zacharythornton/.silabs/slt/installs/conan/p/simpl965e19baece23/p/bootloader/platform/bootloader/core/btl_reset.c.obj
                0x0000000008000654                reset_setResetReason
 .text.reset_getResetCounter
                0x000000000800066c       0x18 CMakeFiles/slc.dir/base/Users/zacharythornton/.silabs/slt/installs/conan/p/simpl965e19baece23/p/bootloader/platform/bootloader/core/btl_reset.c.obj
                0x000000000800066c                reset_getResetCounter
 .text.reset_incrementResetCounter
                0x0000000008000684       0x24 CMakeFiles/slc.dir/base/Users/zacharythornton/.silabs/slt/installs/conan/p/simpl965e19baece23/p/bootloader/platform/bootloader/core/btl_reset.c.obj
                0x0000000008000684                reset_incrementResetCounter
 .text.reset_resetWithReason
                0x00000000080006a8       0x28 CMakeFiles/slc.dir/base/Users/zacharythornton/.silabs/slt/installs/conan/p/simpl965e19baece23/p/bootloader/platform/bootloader/core/btl_reset.c.obj
                0x00000000080006a8                reset_resetWithReason
 .text.reset_classifyReset
                0x00000000080006d0       0x2c CMakeFiles/slc.dir/base/Users/zacharythornton/.silabs/slt/installs/conan/p/simpl965e19baece23/p/bootloader/platform/bootloader/core/btl_reset.c.obj
                0x00000000080006d0                reset_classifyReset
 .text.flash_erasePage
                0x00000000080006fc       0x1c CMakeFiles/slc.dir/base/Users/zacharythornton/.silabs/slt/installs/conan/p/simpl965e19baece23/p/bootloader/platform/bootloader/core/flash/btl_internal_flash.c.obj
                0x00000000080006fc                flash_erasePage
 .text.flash_writeBuffer_dma
                0x0000000008000718       0x50 CMakeFiles/slc.dir/base/Users/zacharythornton/.silabs/slt/installs/conan/p/simpl965e19baece23/p/bootloader/platform/bootloader/core/flash/btl_internal_flash.c.obj
                0x0000000008000718                flash_writeBuffer_dma
 .text.flash_writeBuffer
                0x0000000008000768       0x2c CMakeFiles/slc.dir/base/Users/zacharythornton/.silabs/slt/installs/conan/p/simpl965e19baece23/p/bootloader/platform/bootloader/core/flash/btl_internal_flash.c.obj
                0x0000000008000768                flash_writeBuffer
 .text.gbl_getTagParsingInfoFromTagId
                0x0000000008000794       0x24 CMakeFiles/slc.dir/base/Users/zacharythornton/.silabs/slt/installs/conan/p/simpl965e19baece23/p/bootloader/platform/bootloader/parser/gbl/btl_gbl_format.c.obj
                0x0000000008000794                gbl_getTagParsingInfoFromTagId
 .text.gbl_parseHeader
                0x00000000080007b8       0x7c CMakeFiles/slc.dir/base/Users/zacharythornton/.silabs/slt/installs/conan/p/simpl965e19baece23/p/bootloader/platform/bootloader/parser/gbl/btl_gbl_parser.c.obj
 .text.gbl_writeProgData
                0x0000000008000834       0xa8 CMakeFiles/slc.dir/base/Users/zacharythornton/.silabs/slt/installs/conan/p/simpl965e19baece23/p/bootloader/platform/bootloader/parser/gbl/btl_gbl_parser.c.obj
                0x0000000008000834                gbl_writeProgData
 .text.parser_init
                0x00000000080008dc       0x74 CMakeFiles/slc.dir/base/Users/zacharythornton/.silabs/slt/installs/conan/p/simpl965e19baece23/p/bootloader/platform/bootloader/parser/gbl/btl_gbl_parser.c.obj
                0x00000000080008dc                parser_init
 .text.parser_parse
                0x0000000008000950      0x640 CMakeFiles/slc.dir/base/Users/zacharythornton/.silabs/slt/installs/conan/p/simpl965e19baece23/p/bootloader/platform/bootloader/parser/gbl/btl_gbl_parser.c.obj
                0x0000000008000950                parser_parse
 .text.btl_crc32Stream
                0x0000000008000f90       0x30 CMakeFiles/slc.dir/base/Users/zacharythornton/.silabs/slt/installs/conan/p/simpl965e19baece23/p/bootloader/platform/bootloader/security/btl_crc32.c.obj
                0x0000000008000f90                btl_crc32Stream
 .text.btl_initAesCcm
                0x0000000008000fc0       0x58 CMakeFiles/slc.dir/base/Users/zacharythornton/.silabs/slt/installs/conan/p/simpl965e19baece23/p/bootloader/platform/bootloader/security/btl_security_aes.c.obj
                0x0000000008000fc0                btl_initAesCcm
 .text.btl_verifyEcdsaP256r1
                0x0000000008001018      0x100 CMakeFiles/slc.dir/base/Users/zacharythornton/.silabs/slt/installs/conan/p/simpl965e19baece23/p/bootloader/platform/bootloader/security/btl_security_ecdsa.c.obj
                0x0000000008001018                btl_verifyEcdsaP256r1
 .text.btl_initSha256
                0x0000000008001118       0x20 CMakeFiles/slc.dir/base/Users/zacharythornton/.silabs/slt/installs/conan/p/simpl965e19baece23/p/bootloader/platform/bootloader/security/btl_security_sha256.c.obj
                0x0000000008001118                btl_initSha256
 .text.btl_getSignedBootloaderKeyXPtr
                0x0000000008001138       0x3c CMakeFiles/slc.dir/base/Users/zacharythornton/.silabs/slt/installs/conan/p/simpl965e19baece23/p/bootloader/platform/bootloader/security/btl_security_tokens.c.obj
                0x0000000008001138                btl_getSignedBootloaderKeyXPtr
 .text.btl_getSignedBootloaderKeyYPtr
                0x0000000008001174       0x3c CMakeFiles/slc.dir/base/Users/zacharythornton/.silabs/slt/installs/conan/p/simpl965e19baece23/p/bootloader/platform/bootloader/security/btl_security_tokens.c.obj
                0x0000000008001174                btl_getSignedBootloaderKeyYPtr
 .text.btl_getImageFileEncryptionKeyPtr
                0x00000000080011b0        0x8 CMakeFiles/slc.dir/base/Users/zacharythornton/.silabs/slt/installs/conan/p/simpl965e19baece23/p/bootloader/platform/bootloader/security/btl_security_tokens.c.obj
                0x00000000080011b0                btl_getImageFileEncryptionKeyPtr
 .text.sha_x_update
                0x00000000080011b8       0xbc CMakeFiles/slc.dir/base/Users/zacharythornton/.silabs/slt/installs/conan/p/simpl965e19baece23/p/bootloader/platform/bootloader/security/sha/btl_sha256.c.obj
                0x00000000080011b8                sha_x_update
 .text.sha_x_finish.part.0
                0x0000000008001274       0x98 CMakeFiles/slc.dir/base/Users/zacharythornton/.silabs/slt/installs/conan/p/simpl965e19baece23/p/bootloader/platform/bootloader/security/sha/btl_sha256.c.obj
 .text.sha_x_process
                0x000000000800130c       0xac CMakeFiles/slc.dir/base/Users/zacharythornton/.silabs/slt/installs/conan/p/simpl965e19baece23/p/bootloader/platform/bootloader/security/sha/se_sha.c.obj
                0x000000000800130c                sha_x_process
 .text.installImageFromSlot.constprop.0
                0x00000000080013b8       0xa0 CMakeFiles/slc.dir/base/Users/zacharythornton/.silabs/slt/installs/conan/p/simpl965e19baece23/p/bootloader/platform/bootloader/storage/btl_storage.c.obj
 .text.storage_getSlotInfo
                0x0000000008001458       0x30 CMakeFiles/slc.dir/base/Users/zacharythornton/.silabs/slt/installs/conan/p/simpl965e19baece23/p/bootloader/platform/bootloader/storage/btl_storage_library.c.obj
                0x0000000008001458                storage_getSlotInfo
 .text.storage_readSlot
                0x0000000008001488       0x44 CMakeFiles/slc.dir/base/Users/zacharythornton/.silabs/slt/installs/conan/p/simpl965e19baece23/p/bootloader/platform/bootloader/storage/btl_storage_library.c.obj
                0x0000000008001488                storage_readSlot
 .text.advanceParser
                0x00000000080014cc       0x7c CMakeFiles/slc.dir/base/Users/zacharythornton/.silabs/slt/installs/conan/p/simpl965e19baece23/p/bootloader/platform/bootloader/storage/btl_storage_library.c.obj
 .text.storage_getSlotMetadata
                0x0000000008001548       0x84 CMakeFiles/slc.dir/base/Users/zacharythornton/.silabs/slt/installs/conan/p/simpl965e19baece23/p/bootloader/platform/bootloader/storage/btl_storage_library.c.obj
                0x0000000008001548                storage_getSlotMetadata
 .text.storage_writeSlot
                0x00000000080015cc       0x44 CMakeFiles/slc.dir/base/Users/zacharythornton/.silabs/slt/installs/conan/p/simpl965e19baece23/p/bootloader/platform/bootloader/storage/btl_storage_library.c.obj
                0x00000000080015cc                storage_writeSlot
 .text.storage_eraseSlot
                0x0000000008001610       0x24 CMakeFiles/slc.dir/base/Users/zacharythornton/.silabs/slt/installs/conan/p/simpl965e19baece23/p/bootloader/platform/bootloader/storage/btl_storage_library.c.obj
                0x0000000008001610                storage_eraseSlot
 .text.storage_getInfo
                0x0000000008001634       0x44 CMakeFiles/slc.dir/base/Users/zacharythornton/.silabs/slt/installs/conan/p/simpl965e19baece23/p/bootloader/platform/bootloader/storage/btl_storage_library.c.obj
                0x0000000008001634                storage_getInfo
 .text.storage_upgradeSeFromSlot
                0x0000000008001678       0x3c CMakeFiles/slc.dir/base/Users/zacharythornton/.silabs/slt/installs/conan/p/simpl965e19baece23/p/bootloader/platform/bootloader/storage/btl_storage_library.c.obj
                0x0000000008001678                storage_upgradeSeFromSlot
 .text.storage_bootloadBootloaderFromSlot
                0x00000000080016b4       0x48 CMakeFiles/slc.dir/base/Users/zacharythornton/.silabs/slt/installs/conan/p/simpl965e19baece23/p/bootloader/platform/bootloader/storage/btl_storage_library.c.obj
                0x00000000080016b4                storage_bootloadBootloaderFromSlot
 .text.storage_bootloadApplicationFromSlot
                0x00000000080016fc       0x3c CMakeFiles/slc.dir/base/Users/zacharythornton/.silabs/slt/installs/conan/p/simpl965e19baece23/p/bootloader/platform/bootloader/storage/btl_storage_library.c.obj
                0x00000000080016fc                storage_bootloadApplicationFromSlot
 .text.getDeviceInfo
                0x0000000008001738       0x1c CMakeFiles/slc.dir/base/Users/zacharythornton/.silabs/slt/installs/conan/p/simpl965e19baece23/p/bootloader/platform/bootloader/storage/internal_flash/btl_storage_internal_flash.c.obj
                0x0000000008001738                getDeviceInfo
 .text.storage_init
                0x0000000008001754       0x10 CMakeFiles/slc.dir/base/Users/zacharythornton/.silabs/slt/installs/conan/p/simpl965e19baece23/p/bootloader/platform/bootloader/storage/internal_flash/btl_storage_internal_flash.c.obj
                0x0000000008001754                storage_init
 .text.storage_isBusy
                0x0000000008001764       0x10 CMakeFiles/slc.dir/base/Users/zacharythornton/.silabs/slt/installs/conan/p/simpl965e19baece23/p/bootloader/platform/bootloader/storage/internal_flash/btl_storage_internal_flash.c.obj
                0x0000000008001764                storage_isBusy
 .text.storage_shutdown
                0x0000000008001774       0x10 CMakeFiles/slc.dir/base/Users/zacharythornton/.silabs/slt/installs/conan/p/simpl965e19baece23/p/bootloader/platform/bootloader/storage/internal_flash/btl_storage_internal_flash.c.obj
                0x0000000008001774                storage_shutdown
 .text.verifyAddressRange
                0x0000000008001784       0x28 CMakeFiles/slc.dir/base/Users/zacharythornton/.silabs/slt/installs/conan/p/simpl965e19baece23/p/bootloader/platform/bootloader/storage/internal_flash/btl_storage_internal_flash_raw.c.obj
 .text.Copy_Table
                0x00000000080017ac       0x28 CMakeFiles/slc.dir/base/Users/zacharythornton/.silabs/slt/installs/conan/p/simpl965e19baece23/p/devices/platform/Device/SiliconLabs/EFR32BG24/Source/startup_efr32bg24.c.obj
                0x00000000080017ac                Copy_Table
 .text.Zero_Table
                0x00000000080017d4       0x24 CMakeFiles/slc.dir/base/Users/zacharythornton/.silabs/slt/installs/conan/p/simpl965e19baece23/p/devices/platform/Device/SiliconLabs/EFR32BG24/Source/startup_efr32bg24.c.obj
                0x00000000080017d4                Zero_Table
 .text.CopyToRam
                0x00000000080017f8       0x1c CMakeFiles/slc.dir/base/Users/zacharythornton/.silabs/slt/installs/conan/p/simpl965e19baece23/p/devices/platform/Device/SiliconLabs/EFR32BG24/Source/startup_efr32bg24.c.obj
                0x00000000080017f8                CopyToRam
 .text.SystemInit
                0x0000000008001814       0x1c CMakeFiles/slc.dir/base/Users/zacharythornton/.silabs/slt/installs/conan/p/simpl965e19baece23/p/devices/platform/Device/SiliconLabs/EFR32BG24/Source/system_efr32bg24.c.obj
                0x0000000008001814                SystemInit
 .text.CMU_ClockEnable
                0x0000000008001830       0x34 CMakeFiles/slc.dir/base/Users/zacharythornton/.silabs/slt/installs/conan/p/simpl965e19baece23/p/platform_core/platform/emlib/src/em_cmu.c.obj
                0x0000000008001830                CMU_ClockEnable
 .text.mscStatusWait
                0x0000000008001864       0x54 CMakeFiles/slc.dir/base/Users/zacharythornton/.silabs/slt/installs/conan/p/simpl965e19baece23/p/platform_core/platform/emlib/src/em_msc.c.obj
                0x0000000008001864                mscStatusWait
 .text.writeBurst
                0x00000000080018b8       0x54 CMakeFiles/slc.dir/base/Users/zacharythornton/.silabs/slt/installs/conan/p/simpl965e19baece23/p/platform_core/platform/emlib/src/em_msc.c.obj
                0x00000000080018b8                writeBurst
 .text.MSC_ErasePage
                0x000000000800190c       0x50 CMakeFiles/slc.dir/base/Users/zacharythornton/.silabs/slt/installs/conan/p/simpl965e19baece23/p/platform_core/platform/emlib/src/em_msc.c.obj
                0x000000000800190c                MSC_ErasePage
 .text.MSC_WriteWord
                0x000000000800195c       0x78 CMakeFiles/slc.dir/base/Users/zacharythornton/.silabs/slt/installs/conan/p/simpl965e19baece23/p/platform_core/platform/emlib/src/em_msc.c.obj
                0x000000000800195c                MSC_WriteWord
 .text.MSC_WriteWordDma
                0x00000000080019d4       0xe4 CMakeFiles/slc.dir/base/Users/zacharythornton/.silabs/slt/installs/conan/p/simpl965e19baece23/p/platform_core/platform/emlib/src/em_msc.c.obj
                0x00000000080019d4                MSC_WriteWordDma
 .text.mbedtls_aes_crypt_ecb
                0x0000000008001ab8       0xe8 CMakeFiles/slc.dir/base/Users/zacharythornton/.silabs/slt/installs/conan/p/simpl965e19baece23/p/security_mbedtls/platform/security/sl_component/sl_mbedtls_support/src/se_aes.c.obj
                0x0000000008001ab8                mbedtls_aes_crypt_ecb
 .text.mbedtls_aes_crypt_ctr
                0x0000000008001ba0      0x1c4 CMakeFiles/slc.dir/base/Users/zacharythornton/.silabs/slt/installs/conan/p/simpl965e19baece23/p/security_mbedtls/platform/security/sl_component/sl_mbedtls_support/src/se_aes.c.obj
                0x0000000008001ba0                mbedtls_aes_crypt_ctr
 .text.sl_se_read_pubkey
                0x0000000008001d64       0x58 CMakeFiles/slc.dir/base/Users/zacharythornton/.silabs/slt/installs/conan/p/simpl965e19baece23/p/security_se_manager/platform/security/sl_component/se_manager/src/sl_se_manager_util.c.obj
                0x0000000008001d64                sl_se_read_pubkey
 .text.flashData
                0x0000000008001dbc       0x44 CMakeFiles/slc.dir/base/Users/zacharythornton/.silabs/slt/installs/conan/p/simpl965e19baece23/p/bootloader/platform/bootloader/core/btl_bootload.c.obj
 .text.bootload_checkApplicationPropertiesVersion
                0x0000000008001e00        0xe CMakeFiles/slc.dir/base/Users/zacharythornton/.silabs/slt/installs/conan/p/simpl965e19baece23/p/bootloader/platform/bootloader/core/btl_bootload.c.obj
                0x0000000008001e00                bootload_checkApplicationPropertiesVersion
 .text.getSignatureX
                0x0000000008001e0e       0x26 CMakeFiles/slc.dir/base/Users/zacharythornton/.silabs/slt/installs/conan/p/simpl965e19baece23/p/bootloader/platform/bootloader/core/btl_bootload.c.obj
 .text.bootload_checkSeUpgradeVersion
                0x0000000008001e34       0x20 CMakeFiles/slc.dir/base/Users/zacharythornton/.silabs/slt/installs/conan/p/simpl965e19baece23/p/bootloader/platform/bootloader/core/btl_bootload.c.obj
                0x0000000008001e34                bootload_checkSeUpgradeVersion
 .text.btl_init
                0x0000000008001e54        0x4 CMakeFiles/slc.dir/base/Users/zacharythornton/.silabs/slt/installs/conan/p/simpl965e19baece23/p/bootloader/platform/bootloader/core/btl_core.c.obj
                0x0000000008001e54                btl_init
 .text.btl_deinit
                0x0000000008001e58        0x4 CMakeFiles/slc.dir/base/Users/zacharythornton/.silabs/slt/installs/conan/p/simpl965e19baece23/p/bootloader/platform/bootloader/core/btl_core.c.obj
                0x0000000008001e58                btl_deinit
 .text.bootToApp
                0x0000000008001e5c       0x14 CMakeFiles/slc.dir/base/Users/zacharythornton/.silabs/slt/installs/conan/p/simpl965e19baece23/p/bootloader/platform/bootloader/core/btl_main.c.obj
 .text.HardFault_Handler
                0x0000000008001e70        0x8 CMakeFiles/slc.dir/base/Users/zacharythornton/.silabs/slt/installs/conan/p/simpl965e19baece23/p/bootloader/platform/bootloader/core/btl_main.c.obj
                0x0000000008001e70                HardFault_Handler
 .text.startup.main
                0x0000000008001e78       0x7a CMakeFiles/slc.dir/base/Users/zacharythornton/.silabs/slt/installs/conan/p/simpl965e19baece23/p/bootloader/platform/bootloader/core/btl_main.c.obj
                0x0000000008001e78                main
 .text.core_initParser
                0x0000000008001ef2       0x30 CMakeFiles/slc.dir/base/Users/zacharythornton/.silabs/slt/installs/conan/p/simpl965e19baece23/p/bootloader/platform/bootloader/core/btl_parse.c.obj
                0x0000000008001ef2                core_initParser
 .text.core_parseBuffer
                0x0000000008001f22       0x30 CMakeFiles/slc.dir/base/Users/zacharythornton/.silabs/slt/installs/conan/p/simpl965e19baece23/p/bootloader/platform/bootloader/core/btl_parse.c.obj
                0x0000000008001f22                core_parseBuffer
 .text.core_parseImageInfo
                0x0000000008001f52       0x76 CMakeFiles/slc.dir/base/Users/zacharythornton/.silabs/slt/installs/conan/p/simpl965e19baece23/p/bootloader/platform/bootloader/core/btl_parse.c.obj
                0x0000000008001f52                core_parseImageInfo
 .text.core_parserContextSize
                0x0000000008001fc8        0x6 CMakeFiles/slc.dir/base/Users/zacharythornton/.silabs/slt/installs/conan/p/simpl965e19baece23/p/bootloader/platform/bootloader/core/btl_parse.c.obj
                0x0000000008001fc8                core_parserContextSize
 .text.gbl_storeData
                0x0000000008001fce       0x42 CMakeFiles/slc.dir/base/Users/zacharythornton/.silabs/slt/installs/conan/p/simpl965e19baece23/p/bootloader/platform/bootloader/parser/gbl/btl_gbl_parser.c.obj
 .text.gbl_getData
                0x0000000008002010      0x102 CMakeFiles/slc.dir/base/Users/zacharythornton/.silabs/slt/installs/conan/p/simpl965e19baece23/p/bootloader/platform/bootloader/parser/gbl/btl_gbl_parser.c.obj
 .text.btl_processAesCtrData
                0x0000000008002112       0x22 CMakeFiles/slc.dir/base/Users/zacharythornton/.silabs/slt/installs/conan/p/simpl965e19baece23/p/bootloader/platform/bootloader/security/btl_security_aes.c.obj
                0x0000000008002112                btl_processAesCtrData
 .text.btl_updateSha256
                0x0000000008002134        0x4 CMakeFiles/slc.dir/base/Users/zacharythornton/.silabs/slt/installs/conan/p/simpl965e19baece23/p/bootloader/platform/bootloader/security/btl_security_sha256.c.obj
                0x0000000008002134                btl_updateSha256
 .text.btl_finalizeSha256
                0x0000000008002138        0x6 CMakeFiles/slc.dir/base/Users/zacharythornton/.silabs/slt/installs/conan/p/simpl965e19baece23/p/bootloader/platform/bootloader/security/btl_security_sha256.c.obj
                0x0000000008002138                btl_finalizeSha256
 .text.btl_sha256_init
                0x000000000800213e        0x8 CMakeFiles/slc.dir/base/Users/zacharythornton/.silabs/slt/installs/conan/p/simpl965e19baece23/p/bootloader/platform/bootloader/security/sha/btl_sha256.c.obj
                0x000000000800213e                btl_sha256_init
 .text.btl_sha256_starts_ret
                0x0000000008002146        0xa CMakeFiles/slc.dir/base/Users/zacharythornton/.silabs/slt/installs/conan/p/simpl965e19baece23/p/bootloader/platform/bootloader/security/sha/btl_sha256.c.obj
                0x0000000008002146                btl_sha256_starts_ret
 .text.btl_sha256_update_ret
                0x0000000008002150       0x1a CMakeFiles/slc.dir/base/Users/zacharythornton/.silabs/slt/installs/conan/p/simpl965e19baece23/p/bootloader/platform/bootloader/security/sha/btl_sha256.c.obj
                0x0000000008002150                btl_sha256_update_ret
 .text.btl_sha256_finish_ret
                0x000000000800216a        0xe CMakeFiles/slc.dir/base/Users/zacharythornton/.silabs/slt/installs/conan/p/simpl965e19baece23/p/bootloader/platform/bootloader/security/sha/btl_sha256.c.obj
                0x000000000800216a                btl_sha256_finish_ret
 .text.storage_getBootloadList
                0x0000000008002178       0x20 CMakeFiles/slc.dir/base/Users/zacharythornton/.silabs/slt/installs/conan/p/simpl965e19baece23/p/bootloader/platform/bootloader/storage/bootloadinfo/btl_storage_bootloadinfo_single.c.obj
                0x0000000008002178                storage_getBootloadList
 .text.storage_setBootloadList
                0x0000000008002198       0x10 CMakeFiles/slc.dir/base/Users/zacharythornton/.silabs/slt/installs/conan/p/simpl965e19baece23/p/bootloader/platform/bootloader/storage/bootloadinfo/btl_storage_bootloadinfo_single.c.obj
                0x0000000008002198                storage_setBootloadList
 .text.storage_appendBootloadList
                0x00000000080021a8        0x6 CMakeFiles/slc.dir/base/Users/zacharythornton/.silabs/slt/installs/conan/p/simpl965e19baece23/p/bootloader/platform/bootloader/storage/bootloadinfo/btl_storage_bootloadinfo_single.c.obj
                0x00000000080021a8                storage_appendBootloadList
 .text.storage_main
                0x00000000080021ae        0x4 CMakeFiles/slc.dir/base/Users/zacharythornton/.silabs/slt/installs/conan/p/simpl965e19baece23/p/bootloader/platform/bootloader/storage/btl_storage.c.obj
                0x00000000080021ae                storage_main
 .text.dummyCallback
                0x00000000080021b2        0x6 CMakeFiles/slc.dir/base/Users/zacharythornton/.silabs/slt/installs/conan/p/simpl965e19baece23/p/bootloader/platform/bootloader/storage/btl_storage_library.c.obj
 .text.storage_verifySlot
                0x00000000080021b8       0x52 CMakeFiles/slc.dir/base/Users/zacharythornton/.silabs/slt/installs/conan/p/simpl965e19baece23/p/bootloader/platform/bootloader/storage/btl_storage_library.c.obj
                0x00000000080021b8                storage_verifySlot
 .text.storage_initParseSlot
                0x000000000800220a       0x28 CMakeFiles/slc.dir/base/Users/zacharythornton/.silabs/slt/installs/conan/p/simpl965e19baece23/p/bootloader/platform/bootloader/storage/btl_storage_library.c.obj
                0x000000000800220a                storage_initParseSlot
 .text.bootloadFromSlot.constprop.0
                0x0000000008002232       0x36 CMakeFiles/slc.dir/base/Users/zacharythornton/.silabs/slt/installs/conan/p/simpl965e19baece23/p/bootloader/platform/bootloader/storage/btl_storage_library.c.obj
 .text.storage_getDMAchannel
                0x0000000008002268        0x4 CMakeFiles/slc.dir/base/Users/zacharythornton/.silabs/slt/installs/conan/p/simpl965e19baece23/p/bootloader/platform/bootloader/storage/internal_flash/btl_storage_internal_flash.c.obj
                0x0000000008002268                storage_getDMAchannel
 .text.storage_readRaw
                0x000000000800226c       0x20 CMakeFiles/slc.dir/base/Users/zacharythornton/.silabs/slt/installs/conan/p/simpl965e19baece23/p/bootloader/platform/bootloader/storage/internal_flash/btl_storage_internal_flash_raw.c.obj
                0x000000000800226c                storage_readRaw
 .text.storage_writeRaw
                0x000000000800228c       0x3a CMakeFiles/slc.dir/base/Users/zacharythornton/.silabs/slt/installs/conan/p/simpl965e19baece23/p/bootloader/platform/bootloader/storage/internal_flash/btl_storage_internal_flash_raw.c.obj
                0x000000000800228c                storage_writeRaw
 .text.storage_eraseRaw
                0x00000000080022c6       0x40 CMakeFiles/slc.dir/base/Users/zacharythornton/.silabs/slt/installs/conan/p/simpl965e19baece23/p/bootloader/platform/bootloader/storage/internal_flash/btl_storage_internal_flash_raw.c.obj
                0x00000000080022c6                storage_eraseRaw
 .text.Default_Handler
                0x0000000008002306        0x2 CMakeFiles/slc.dir/base/Users/zacharythornton/.silabs/slt/installs/conan/p/simpl965e19baece23/p/devices/platform/Device/SiliconLabs/EFR32BG24/Source/startup_efr32bg24.c.obj
                0x0000000008002306                SYSRTC_APP_IRQHandler
                0x0000000008002306                AHB2AHB1_IRQHandler
                0x0000000008002306                SW2_IRQHandler
                0x0000000008002306                TIMER2_IRQHandler
                0x0000000008002306                DebugMon_Handler
                0x0000000008002306                USART0_TX_IRQHandler
                0x0000000008002306                IADC_IRQHandler
                0x0000000008002306                EUSART0_TX_IRQHandler
                0x0000000008002306                I2C0_IRQHandler
                0x0000000008002306                LFXO_IRQHandler
                0x0000000008002306                SMU_SECURE_IRQHandler
                0x0000000008002306                SysTick_Handler
                0x0000000008002306                SYSRTC_SEQ_IRQHandler
                0x0000000008002306                EMUEFP_IRQHandler
                0x0000000008002306                PendSV_Handler
                0x0000000008002306                NMI_Handler
                0x0000000008002306                SYNTH_IRQHandler
                0x0000000008002306                HOSTMAILBOX_IRQHandler
                0x0000000008002306                HFXO0_IRQHandler
                0x0000000008002306                I2C1_IRQHandler
                0x0000000008002306                WDOG0_IRQHandler
                0x0000000008002306                TIMER3_IRQHandler
                0x0000000008002306                SYSCFG_IRQHandler
                0x0000000008002306                RFECA1_IRQHandler
                0x0000000008002306                EMUDG_IRQHandler
                0x0000000008002306                MSC_IRQHandler
                0x0000000008002306                DPLL0_IRQHandler
                0x0000000008002306                UsageFault_Handler
                0x0000000008002306                WDOG1_IRQHandler
                0x0000000008002306                M33CTI1_IRQHandler
                0x0000000008002306                TIMER4_IRQHandler
                0x0000000008002306                GPIO_EVEN_IRQHandler
                0x0000000008002306                VDAC0_IRQHandler
                0x0000000008002306                LDMA_IRQHandler
                0x0000000008002306                SEMBTX_IRQHandler
                0x0000000008002306                SW0_IRQHandler
                0x0000000008002306                TIMER0_IRQHandler
                0x0000000008002306                MVP_IRQHandler
                0x0000000008002306                LETIMER0_IRQHandler
                0x0000000008002306                EUSART1_RX_IRQHandler
                0x0000000008002306                TIMER1_IRQHandler
                0x0000000008002306                HFRCO0_IRQHandler
                0x0000000008002306                SecureFault_Handler
                0x0000000008002306                BUFC_IRQHandler
                0x0000000008002306                DCDC_IRQHandler
                0x0000000008002306                MODEM_IRQHandler
                0x0000000008002306                Default_Handler
                0x0000000008002306                RAC_SEQ_IRQHandler
                0x0000000008002306                FRC_PRI_IRQHandler
                0x0000000008002306                EMU_IRQHandler
                0x0000000008002306                SW3_IRQHandler
                0x0000000008002306                KERNEL0_IRQHandler
                0x0000000008002306                FRC_IRQHandler
                0x0000000008002306                PCNT0_IRQHandler
                0x0000000008002306                KERNEL1_IRQHandler
                0x0000000008002306                AGC_IRQHandler
                0x0000000008002306                EUSART1_TX_IRQHandler
                0x0000000008002306                KEYSCAN_IRQHandler
                0x0000000008002306                HFRCOEM23_IRQHandler
                0x0000000008002306                BURTC_IRQHandler
                0x0000000008002306                SEMBRX_IRQHandler
                0x0000000008002306                RFECA0_IRQHandler
                0x0000000008002306                LFRCO_IRQHandler
                0x0000000008002306                VDAC1_IRQHandler
                0x0000000008002306                ACMP0_IRQHandler
                0x0000000008002306                USART0_RX_IRQHandler
                0x0000000008002306                MemManage_Handler
                0x0000000008002306                AHB2AHB0_IRQHandler
                0x0000000008002306                SVC_Handler
                0x0000000008002306                SMU_S_PRIVILEGED_IRQHandler
                0x0000000008002306                SW1_IRQHandler
                0x0000000008002306                CMU_IRQHandler
                0x0000000008002306                EUSART0_RX_IRQHandler
                0x0000000008002306                RAC_RSM_IRQHandler
                0x0000000008002306                SETAMPERHOST_IRQHandler
                0x0000000008002306                GPIO_ODD_IRQHandler
                0x0000000008002306                AES_IRQHandler
                0x0000000008002306                M33CTI0_IRQHandler
                0x0000000008002306                ICACHE0_IRQHandler
                0x0000000008002306                SMU_NS_PRIVILEGED_IRQHandler
                0x0000000008002306                FPUEXH_IRQHandler
                0x0000000008002306                PROTIMER_IRQHandler
                0x0000000008002306                ACMP1_IRQHandler
                0x0000000008002306                BusFault_Handler
                0x0000000008002306                MPAHBRAM_IRQHandler
                0x0000000008002306                ULFRCO_IRQHandler
 .text.CopyMemory
                0x0000000008002308       0x1a CMakeFiles/slc.dir/base/Users/zacharythornton/.silabs/slt/installs/conan/p/simpl965e19baece23/p/devices/platform/Device/SiliconLabs/EFR32BG24/Source/startup_efr32bg24.c.obj
                0x0000000008002308                CopyMemory
 .text.mbedtls_aes_init
                0x0000000008002322        0x8 CMakeFiles/slc.dir/base/Users/zacharythornton/.silabs/slt/installs/conan/p/simpl965e19baece23/p/security_mbedtls/platform/security/sl_component/sl_mbedtls_support/src/se_aes.c.obj
                0x0000000008002322                mbedtls_aes_init
 .text.mbedtls_aes_setkey_enc
                0x000000000800232a       0x36 CMakeFiles/slc.dir/base/Users/zacharythornton/.silabs/slt/installs/conan/p/simpl965e19baece23/p/security_mbedtls/platform/security/sl_component/sl_mbedtls_support/src/se_aes.c.obj
                0x000000000800232a                mbedtls_aes_setkey_enc
 .text.sli_se_mailbox_command_add_input
                0x0000000008002360       0x14 CMakeFiles/slc.dir/base/Users/zacharythornton/.silabs/slt/installs/conan/p/simpl965e19baece23/p/security_se_manager/platform/security/sl_component/se_manager/src/sli_se_manager_mailbox.c.obj
                0x0000000008002360                sli_se_mailbox_command_add_input
 .text.memcmp   0x0000000008002374       0x20 /Users/zacharythornton/.silabs/slt/installs/conan/p/gcc-af360b79bab9e3/p/bin/../lib/gcc/arm-none-eabi/12.2.1/../../../../arm-none-eabi/lib/thumb/v8-m.main+fp/hard/libc_nano.a(libc_a-memcmp.o)
                0x0000000008002374                memcmp
 .text.memset   0x0000000008002394       0x10 /Users/zacharythornton/.silabs/slt/installs/conan/p/gcc-af360b79bab9e3/p/bin/../lib/gcc/arm-none-eabi/12.2.1/../../../../arm-none-eabi/lib/thumb/v8-m.main+fp/hard/libc_nano.a(libc_a-memset.o)
                0x0000000008002394                memset
 .text.memcpy   0x00000000080023a4       0x1a /Users/zacharythornton/.silabs/slt/installs/conan/p/gcc-af360b79bab9e3/p/bin/../lib/gcc/arm-none-eabi/12.2.1/../../../../arm-none-eabi/lib/thumb/v8-m.main+fp/hard/libc_nano.a(libc_a-memcpy-stub.o)
                0x00000000080023a4                memcpy
 *(SORT_BY_ALIGNMENT(text_*))
 *fill*         0x00000000080023be        0x2 
 text_se_manager_timecritical18160
                0x00000000080023c0       0x14 CMakeFiles/slc.dir/base/Users/zacharythornton/.silabs/slt/installs/conan/p/simpl965e19baece23/p/security_se_manager/platform/security/sl_component/se_manager/src/sl_se_manager.c.obj
                0x00000000080023c0                sli_se_lock_acquire
 text_se_manager_timecritical19171
                0x00000000080023d4       0x10 CMakeFiles/slc.dir/base/Users/zacharythornton/.silabs/slt/installs/conan/p/simpl965e19baece23/p/security_se_manager/platform/security/sl_component/se_manager/src/sl_se_manager.c.obj
                0x00000000080023d4                sli_se_lock_release
 text_se_manager_timecritical20184
                0x00000000080023e4       0x44 CMakeFiles/slc.dir/base/Users/zacharythornton/.silabs/slt/installs/conan/p/simpl965e19baece23/p/security_se_manager/platform/security/sl_component/se_manager/src/sl_se_manager.c.obj
                0x00000000080023e4                sli_se_execute_and_wait
 text_se_manager_timecritical31533
                0x0000000008002428       0x12 CMakeFiles/slc.dir/base/Users/zacharythornton/.silabs/slt/installs/conan/p/simpl965e19baece23/p/bootloader/platform/bootloader/core/btl_bootload.c.obj
 text_se_manager_timecritical17149
                0x000000000800243a       0x5c CMakeFiles/slc.dir/base/Users/zacharythornton/.silabs/slt/installs/conan/p/simpl965e19baece23/p/security_se_manager/platform/security/sl_component/se_manager/src/sl_se_manager.c.obj
                0x000000000800243a                sli_se_to_sl_status
 text_se_manager_timecritical13494
                0x0000000008002496       0x12 CMakeFiles/slc.dir/base/Users/zacharythornton/.silabs/slt/installs/conan/p/simpl965e19baece23/p/security_se_manager/platform/security/sl_component/se_manager/src/sli_se_manager_mailbox.c.obj
                0x0000000008002496                sli_se_mailbox_command_add_parameter
 text_se_manager_timecritical14511
                0x00000000080024a8       0x3a CMakeFiles/slc.dir/base/Users/zacharythornton/.silabs/slt/installs/conan/p/simpl965e19baece23/p/security_se_manager/platform/security/sl_component/se_manager/src/sli_se_manager_mailbox.c.obj
                0x00000000080024a8                sli_se_mailbox_execute_command
 text_se_manager_timecritical18224
                0x00000000080024e2       0x14 CMakeFiles/slc.dir/base/Users/zacharythornton/.silabs/slt/installs/conan/p/simpl965e19baece23/p/security_se_manager/platform/security/sl_component/se_manager/src/sli_se_manager_mailbox.c.obj
                0x00000000080024e2                sli_se_mailbox_command_add_output
                0x0000000008002500                . = ALIGN (0x20)
 *fill*         0x00000000080024f6        0xa 
                0x0000000008002500                linker_code_end = .
 *(.init)
 .init          0x0000000008002500        0x4 /Users/zacharythornton/.silabs/slt/installs/conan/p/gcc-af360b79bab9e3/p/bin/../lib/gcc/arm-none-eabi/12.2.1/thumb/v8-m.main+fp/hard/crti.o
                0x0000000008002500                _init
 .init          0x0000000008002504        0x8 /Users/zacharythornton/.silabs/slt/installs/conan/p/gcc-af360b79bab9e3/p/bin/../lib/gcc/arm-none-eabi/12.2.1/thumb/v8-m.main+fp/hard/crtn.o
 *(.fini)
 .fini          0x000000000800250c        0x4 /Users/zacharythornton/.silabs/slt/installs/conan/p/gcc-af360b79bab9e3/p/bin/../lib/gcc/arm-none-eabi/12.2.1/thumb/v8-m.main+fp/hard/crti.o
                0x000000000800250c                _fini
 .fini          0x0000000008002510        0x8 /Users/zacharythornton/.silabs/slt/installs/conan/p/gcc-af360b79bab9e3/p/bin/../lib/gcc/arm-none-eabi/12.2.1/thumb/v8-m.main+fp/hard/crtn.o
 *crtbegin.o(.ctors)
 *crtbegin?.o(.ctors)
 *(EXCLUDE_FILE(*crtend.o *crtend?.o) .ctors)
 *(SORT_BY_NAME(.ctors.*))
 *(.ctors)
 *crtbegin.o(.dtors)
 *crtbegin?.o(.dtors)
 *(EXCLUDE_FILE(*crtend.o *crtend?.o) .dtors)
 *(SORT_BY_NAME(.dtors.*))
 *(.dtors)
 *(.rodata*)
 .rodata.bootload_checkApplicationPropertiesMagic.str1.1
                0x0000000008002518       0x11 CMakeFiles/slc.dir/base/Users/zacharythornton/.silabs/slt/installs/conan/p/simpl965e19baece23/p/bootloader/platform/bootloader/core/btl_bootload.c.obj
 *fill*         0x0000000008002529        0x3 
 .rodata.sl_app_properties
                0x000000000800252c       0x50 CMakeFiles/slc.dir/base/Users/zacharythornton/.silabs/slt/installs/conan/p/simpl965e19baece23/p/bootloader/platform/bootloader/core/btl_main.c.obj
                0x000000000800252c                sl_app_properties
 .rodata.mainStageTable
                0x000000000800257c       0x48 CMakeFiles/slc.dir/base/Users/zacharythornton/.silabs/slt/installs/conan/p/simpl965e19baece23/p/bootloader/platform/bootloader/core/btl_main.c.obj
                0x000000000800257c                mainStageTable
 .rodata.gblTagParsingInfoStructs
                0x00000000080025c4       0x90 CMakeFiles/slc.dir/base/Users/zacharythornton/.silabs/slt/installs/conan/p/simpl965e19baece23/p/bootloader/platform/bootloader/parser/gbl/btl_gbl_format.c.obj
                0x00000000080025c4                gblTagParsingInfoStructs
 .rodata.shax_padding
                0x0000000008002654       0x40 CMakeFiles/slc.dir/base/Users/zacharythornton/.silabs/slt/installs/conan/p/simpl965e19baece23/p/bootloader/platform/bootloader/security/sha/btl_sha256.c.obj
 .rodata.init_state_sha256
                0x0000000008002694       0x20 CMakeFiles/slc.dir/base/Users/zacharythornton/.silabs/slt/installs/conan/p/simpl965e19baece23/p/bootloader/platform/bootloader/security/sha/btl_sha256.c.obj
 .rodata.storageFunctions
                0x00000000080026b4       0x44 CMakeFiles/slc.dir/base/Users/zacharythornton/.silabs/slt/installs/conan/p/simpl965e19baece23/p/bootloader/platform/bootloader/storage/btl_storage_library.c.obj
                0x00000000080026b4                storageFunctions
 .rodata.deviceInfo
                0x00000000080026f8       0x20 CMakeFiles/slc.dir/base/Users/zacharythornton/.silabs/slt/installs/conan/p/simpl965e19baece23/p/bootloader/platform/bootloader/storage/internal_flash/btl_storage_internal_flash.c.obj
 .rodata.storageLayout
                0x0000000008002718       0x10 CMakeFiles/slc.dir/base/Users/zacharythornton/.silabs/slt/installs/conan/p/simpl965e19baece23/p/bootloader/platform/bootloader/storage/internal_flash/btl_storage_internal_flash.c.obj
                0x0000000008002718                storageLayout
 *(.eh_frame*)
 .eh_frame      0x0000000008002728        0x0 /Users/zacharythornton/.silabs/slt/installs/conan/p/gcc-af360b79bab9e3/p/bin/../lib/gcc/arm-none-eabi/12.2.1/thumb/v8-m.main+fp/hard/crtbegin.o

.glue_7         0x0000000008002728        0x0
 .glue_7        0x0000000008002728        0x0 linker stubs

.glue_7t        0x0000000008002728        0x0
 .glue_7t       0x0000000008002728        0x0 linker stubs

.vfp11_veneer   0x0000000008002728        0x0
 .vfp11_veneer  0x0000000008002728        0x0 linker stubs

.v4_bx          0x0000000008002728        0x0
 .v4_bx         0x0000000008002728        0x0 linker stubs

.iplt           0x0000000008002728        0x0
 .iplt          0x0000000008002728        0x0 /Users/zacharythornton/.silabs/slt/installs/conan/p/gcc-af360b79bab9e3/p/bin/../lib/gcc/arm-none-eabi/12.2.1/thumb/v8-m.main+fp/hard/crtbegin.o

.gnu.sgstubs    0x0000000008002740        0x0
                0x0000000008002740                . = ALIGN (0x20)
                0x0000000008002740                linker_sg_begin = .
 *(.gnu.sgstubs*)
                0x0000000008002740                . = ALIGN (0x20)
                0x0000000008002740                linker_sg_end = (linker_sg_begin + SIZEOF (.gnu.sgstubs))

.ARM.extab
 *(.ARM.extab* .gnu.linkonce.armextab.*)
                0x0000000008002740                __exidx_start = .

.ARM.exidx
 *(.ARM.exidx* .gnu.linkonce.armexidx.*)
                0x0000000008002740                __exidx_end = .

.copy.table     0x0000000008002728        0xc
                0x0000000008002728                . = ALIGN (0x4)
                0x0000000008002728                __copy_table_start__ = .
                0x0000000008002728        0x4 LONG 0x8002734 __etext
                0x000000000800272c        0x4 LONG 0x2000102c __data_start__
                0x0000000008002730        0x4 LONG 0x2 ((__data_end__ - __data_start__) / 0x4)
                0x0000000008002734                __copy_table_end__ = .

.rel.dyn        0x0000000008002734        0x0
 .rel.iplt      0x0000000008002734        0x0 /Users/zacharythornton/.silabs/slt/installs/conan/p/gcc-af360b79bab9e3/p/bin/../lib/gcc/arm-none-eabi/12.2.1/thumb/v8-m.main+fp/hard/crtbegin.o

.zero.table     0x0000000008002734        0x0
                0x0000000008002734                . = ALIGN (0x4)
                0x0000000008002734                __zero_table_start__ = .
                0x0000000008002734                __zero_table_end__ = .
                0x0000000008002734                __etext = .

.data           0x000000002000102c        0x8 load address 0x0000000008002734
                0x000000002000102c                . = ALIGN (0x4)
                0x000000002000102c                __data_start__ = .
 *(vtable)
 *(SORT_BY_ALIGNMENT(.data*))
                0x000000002000102c                . = ALIGN (0x4)
                0x000000002000102c                . = ALIGN (0x4)
                0x000000002000102c                PROVIDE (__preinit_array_start = .)
 *(.preinit_array)
                0x000000002000102c                PROVIDE (__preinit_array_end = .)
                0x000000002000102c                . = ALIGN (0x4)
                0x000000002000102c                PROVIDE (__init_array_start = .)
 *(SORT_BY_NAME(.init_array.*))
 *(.init_array)
 .init_array    0x000000002000102c        0x4 /Users/zacharythornton/.silabs/slt/installs/conan/p/gcc-af360b79bab9e3/p/bin/../lib/gcc/arm-none-eabi/12.2.1/thumb/v8-m.main+fp/hard/crtbegin.o
                0x0000000020001030                PROVIDE (__init_array_end = .)
                0x0000000020001030                . = ALIGN (0x4)
                [!provide]                        PROVIDE (__fini_array_start = .)
 *(SORT_BY_NAME(.fini_array.*))
 *(.fini_array)
 .fini_array    0x0000000020001030        0x4 /Users/zacharythornton/.silabs/slt/installs/conan/p/gcc-af360b79bab9e3/p/bin/../lib/gcc/arm-none-eabi/12.2.1/thumb/v8-m.main+fp/hard/crtbegin.o
                [!provide]                        PROVIDE (__fini_array_end = .)
                0x0000000020001034                . = ALIGN (0x4)
                0x0000000020001034                __data_end__ = .
                0x0000000020018000                heap_limit = (ORIGIN (RAM) + LENGTH (RAM))
                0x0000000000016fc8                heap_size = (heap_limit - __HeapBase)

.tm_clone_table
                0x0000000020001034        0x0 load address 0x000000000800273c
 .tm_clone_table
                0x0000000020001034        0x0 /Users/zacharythornton/.silabs/slt/installs/conan/p/gcc-af360b79bab9e3/p/bin/../lib/gcc/arm-none-eabi/12.2.1/thumb/v8-m.main+fp/hard/crtbegin.o
 .tm_clone_table
                0x0000000020001034        0x0 /Users/zacharythornton/.silabs/slt/installs/conan/p/gcc-af360b79bab9e3/p/bin/../lib/gcc/arm-none-eabi/12.2.1/thumb/v8-m.main+fp/hard/crtend.o

.igot.plt       0x0000000020001034        0x0 load address 0x000000000800273c
 .igot.plt      0x0000000020001034        0x0 /Users/zacharythornton/.silabs/slt/installs/conan/p/gcc-af360b79bab9e3/p/bin/../lib/gcc/arm-none-eabi/12.2.1/thumb/v8-m.main+fp/hard/crtbegin.o

.memory_manager_heap
                0x0000000020001034    0x16fcc load address 0x000000000800273c
                0x0000000020001038                . = ALIGN (0x8)
 *fill*         0x0000000020001034        0x4 
                0x0000000020001038                __HeapBase = .
                0x0000000020018000                . = (. + heap_size)
 *fill*         0x0000000020001038    0x16fc8 
                0x0000000020018000                __end__ = .
                0x0000000020018000                _end = __end__
 *(.memory_manager_heap*)
                0x0000000020018000                __HeapLimit = (ORIGIN (RAM) + LENGTH (RAM))
                0x0000000020018000                __ram_end__ = 0x20018000
                0x00000000080be000                __main_flash_end__ = 0x80be000

.internal_storage
 *(.internal_storage*)

.nvm
 *(.simee*)
                0x000000002000102c                __ramfuncs_start__ = __vma_ramfuncs_start__
                0x000000002000102c                __ramfuncs_end__ = __vma_ramfuncs_end__
                0x00000000080be000                linker_nvm_end = __main_flash_end__
                0x00000000080be000                linker_nvm_begin = (linker_nvm_end - SIZEOF (.nvm))
                0x00000000080be000                linker_storage_end = __main_flash_end__
                0x00000000080be000                linker_storage_begin = (linker_storage_end - SIZEOF (.internal_storage))
                0x000000000800273c                __rom_end__ = (__etext + SIZEOF (.data))
                0x0000000000000020                _app_rollback_protection_size = 0x20
                0x0000000000000001                ASSERT (((((ORIGIN (FLASH) + LENGTH (FLASH)) - 0x40) - _app_rollback_protection_size) >= (__etext + SIZEOF (.data))), FLASH memory overflowed !)
OUTPUT(base/bootloader-storage-internal-single.out elf32-littlearm)
LOAD linker stubs

.ARM.attributes
                0x0000000000000000       0x36
 .ARM.attributes
                0x0000000000000000       0x26 /Users/zacharythornton/.silabs/slt/installs/conan/p/gcc-af360b79bab9e3/p/bin/../lib/gcc/arm-none-eabi/12.2.1/thumb/v8-m.main+fp/hard/crti.o
 .ARM.attributes
                0x0000000000000026       0x38 /Users/zacharythornton/.silabs/slt/installs/conan/p/gcc-af360b79bab9e3/p/bin/../lib/gcc/arm-none-eabi/12.2.1/thumb/v8-m.main+fp/hard/crtbegin.o
 .ARM.attributes
                0x000000000000005e       0x3a CMakeFiles/slc.dir/base/Users/zacharythornton/.silabs/slt/installs/conan/p/simpl965e19baece23/p/bootloader/platform/bootloader/core/btl_bootload.c.obj
 .ARM.attributes
                0x0000000000000098       0x3a CMakeFiles/slc.dir/base/Users/zacharythornton/.silabs/slt/installs/conan/p/simpl965e19baece23/p/bootloader/platform/bootloader/core/btl_core.c.obj
 .ARM.attributes
                0x00000000000000d2       0x3a CMakeFiles/slc.dir/base/Users/zacharythornton/.silabs/slt/installs/conan/p/simpl965e19baece23/p/bootloader/platform/bootloader/core/btl_main.c.obj
 .ARM.attributes
                0x000000000000010c       0x3a CMakeFiles/slc.dir/base/Users/zacharythornton/.silabs/slt/installs/conan/p/simpl965e19baece23/p/bootloader/platform/bootloader/core/btl_parse.c.obj
 .ARM.attributes
                0x0000000000000146       0x3a CMakeFiles/slc.dir/base/Users/zacharythornton/.silabs/slt/installs/conan/p/simpl965e19baece23/p/bootloader/platform/bootloader/core/btl_reset.c.obj
 .ARM.attributes
                0x0000000000000180       0x3a CMakeFiles/slc.dir/base/Users/zacharythornton/.silabs/slt/installs/conan/p/simpl965e19baece23/p/bootloader/platform/bootloader/core/flash/btl_internal_flash.c.obj
 .ARM.attributes
                0x00000000000001ba       0x3a CMakeFiles/slc.dir/base/Users/zacharythornton/.silabs/slt/installs/conan/p/simpl965e19baece23/p/bootloader/platform/bootloader/parser/gbl/btl_gbl_format.c.obj
 .ARM.attributes
                0x00000000000001f4       0x3a CMakeFiles/slc.dir/base/Users/zacharythornton/.silabs/slt/installs/conan/p/simpl965e19baece23/p/bootloader/platform/bootloader/parser/gbl/btl_gbl_parser.c.obj
 .ARM.attributes
                0x000000000000022e       0x3a CMakeFiles/slc.dir/base/Users/zacharythornton/.silabs/slt/installs/conan/p/simpl965e19baece23/p/bootloader/platform/bootloader/security/btl_crc32.c.obj
 .ARM.attributes
                0x0000000000000268       0x3a CMakeFiles/slc.dir/base/Users/zacharythornton/.silabs/slt/installs/conan/p/simpl965e19baece23/p/bootloader/platform/bootloader/security/btl_security_aes.c.obj
 .ARM.attributes
                0x00000000000002a2       0x3a CMakeFiles/slc.dir/base/Users/zacharythornton/.silabs/slt/installs/conan/p/simpl965e19baece23/p/bootloader/platform/bootloader/security/btl_security_ecdsa.c.obj
 .ARM.attributes
                0x00000000000002dc       0x3a CMakeFiles/slc.dir/base/Users/zacharythornton/.silabs/slt/installs/conan/p/simpl965e19baece23/p/bootloader/platform/bootloader/security/btl_security_sha256.c.obj
 .ARM.attributes
                0x0000000000000316       0x3a CMakeFiles/slc.dir/base/Users/zacharythornton/.silabs/slt/installs/conan/p/simpl965e19baece23/p/bootloader/platform/bootloader/security/btl_security_tokens.c.obj
 .ARM.attributes
                0x0000000000000350       0x3a CMakeFiles/slc.dir/base/Users/zacharythornton/.silabs/slt/installs/conan/p/simpl965e19baece23/p/bootloader/platform/bootloader/security/sha/btl_sha256.c.obj
 .ARM.attributes
                0x000000000000038a       0x3a CMakeFiles/slc.dir/base/Users/zacharythornton/.silabs/slt/installs/conan/p/simpl965e19baece23/p/bootloader/platform/bootloader/security/sha/se_sha.c.obj
 .ARM.attributes
                0x00000000000003c4       0x3a CMakeFiles/slc.dir/base/Users/zacharythornton/.silabs/slt/installs/conan/p/simpl965e19baece23/p/bootloader/platform/bootloader/storage/bootloadinfo/btl_storage_bootloadinfo_single.c.obj
 .ARM.attributes
                0x00000000000003fe       0x3a CMakeFiles/slc.dir/base/Users/zacharythornton/.silabs/slt/installs/conan/p/simpl965e19baece23/p/bootloader/platform/bootloader/storage/btl_storage.c.obj
 .ARM.attributes
                0x0000000000000438       0x3a CMakeFiles/slc.dir/base/Users/zacharythornton/.silabs/slt/installs/conan/p/simpl965e19baece23/p/bootloader/platform/bootloader/storage/btl_storage_library.c.obj
 .ARM.attributes
                0x0000000000000472       0x3a CMakeFiles/slc.dir/base/Users/zacharythornton/.silabs/slt/installs/conan/p/simpl965e19baece23/p/bootloader/platform/bootloader/storage/internal_flash/btl_storage_internal_flash.c.obj
 .ARM.attributes
                0x00000000000004ac       0x3a CMakeFiles/slc.dir/base/Users/zacharythornton/.silabs/slt/installs/conan/p/simpl965e19baece23/p/bootloader/platform/bootloader/storage/internal_flash/btl_storage_internal_flash_raw.c.obj
 .ARM.attributes
                0x00000000000004e6       0x3a CMakeFiles/slc.dir/base/Users/zacharythornton/.silabs/slt/installs/conan/p/simpl965e19baece23/p/devices/platform/Device/SiliconLabs/EFR32BG24/Source/startup_efr32bg24.c.obj
 .ARM.attributes
                0x0000000000000520       0x3a CMakeFiles/slc.dir/base/Users/zacharythornton/.silabs/slt/installs/conan/p/simpl965e19baece23/p/devices/platform/Device/SiliconLabs/EFR32BG24/Source/system_efr32bg24.c.obj
 .ARM.attributes
                0x000000000000055a       0x3a CMakeFiles/slc.dir/base/Users/zacharythornton/.silabs/slt/installs/conan/p/simpl965e19baece23/p/platform_core/platform/emlib/src/em_cmu.c.obj
 .ARM.attributes
                0x0000000000000594       0x3a CMakeFiles/slc.dir/base/Users/zacharythornton/.silabs/slt/installs/conan/p/simpl965e19baece23/p/platform_core/platform/emlib/src/em_msc.c.obj
 .ARM.attributes
                0x00000000000005ce       0x3a CMakeFiles/slc.dir/base/Users/zacharythornton/.silabs/slt/installs/conan/p/simpl965e19baece23/p/platform_core/platform/service/memory_manager/src/sl_memory_manager_region.c.obj
 .ARM.attributes
                0x0000000000000608       0x3a CMakeFiles/slc.dir/base/Users/zacharythornton/.silabs/slt/installs/conan/p/simpl965e19baece23/p/security_mbedtls/platform/security/sl_component/sl_mbedtls_support/src/se_aes.c.obj
 .ARM.attributes
                0x0000000000000642       0x3a CMakeFiles/slc.dir/base/Users/zacharythornton/.silabs/slt/installs/conan/p/simpl965e19baece23/p/security_se_manager/platform/security/sl_component/se_manager/src/sl_se_manager.c.obj
 .ARM.attributes
                0x000000000000067c       0x3a CMakeFiles/slc.dir/base/Users/zacharythornton/.silabs/slt/installs/conan/p/simpl965e19baece23/p/security_se_manager/platform/security/sl_component/se_manager/src/sl_se_manager_util.c.obj
 .ARM.attributes
                0x00000000000006b6       0x3a CMakeFiles/slc.dir/base/Users/zacharythornton/.silabs/slt/installs/conan/p/simpl965e19baece23/p/security_se_manager/platform/security/sl_component/se_manager/src/sli_se_manager_mailbox.c.obj
 .ARM.attributes
                0x00000000000006f0       0x38 /Users/zacharythornton/.silabs/slt/installs/conan/p/gcc-af360b79bab9e3/p/bin/../lib/gcc/arm-none-eabi/12.2.1/../../../../arm-none-eabi/lib/thumb/v8-m.main+fp/hard/libc_nano.a(libc_a-memcmp.o)
 .ARM.attributes
                0x0000000000000728       0x38 /Users/zacharythornton/.silabs/slt/installs/conan/p/gcc-af360b79bab9e3/p/bin/../lib/gcc/arm-none-eabi/12.2.1/../../../../arm-none-eabi/lib/thumb/v8-m.main+fp/hard/libc_nano.a(libc_a-memset.o)
 .ARM.attributes
                0x0000000000000760       0x38 /Users/zacharythornton/.silabs/slt/installs/conan/p/gcc-af360b79bab9e3/p/bin/../lib/gcc/arm-none-eabi/12.2.1/../../../../arm-none-eabi/lib/thumb/v8-m.main+fp/hard/libc_nano.a(libc_a-memcpy-stub.o)
 .ARM.attributes
                0x0000000000000798       0x38 /Users/zacharythornton/.silabs/slt/installs/conan/p/gcc-af360b79bab9e3/p/bin/../lib/gcc/arm-none-eabi/12.2.1/thumb/v8-m.main+fp/hard/crtend.o
 .ARM.attributes
                0x00000000000007d0       0x26 /Users/zacharythornton/.silabs/slt/installs/conan/p/gcc-af360b79bab9e3/p/bin/../lib/gcc/arm-none-eabi/12.2.1/thumb/v8-m.main+fp/hard/crtn.o

.comment        0x0000000000000000       0x40
 .comment       0x0000000000000000       0x40 CMakeFiles/slc.dir/base/Users/zacharythornton/.silabs/slt/installs/conan/p/simpl965e19baece23/p/bootloader/platform/bootloader/core/btl_bootload.c.obj
                                         0x41 (size before relaxing)
 .comment       0x0000000000000040       0x41 CMakeFiles/slc.dir/base/Users/zacharythornton/.silabs/slt/installs/conan/p/simpl965e19baece23/p/bootloader/platform/bootloader/core/btl_core.c.obj
 .comment       0x0000000000000040       0x41 CMakeFiles/slc.dir/base/Users/zacharythornton/.silabs/slt/installs/conan/p/simpl965e19baece23/p/bootloader/platform/bootloader/core/btl_main.c.obj
 .comment       0x0000000000000040       0x41 CMakeFiles/slc.dir/base/Users/zacharythornton/.silabs/slt/installs/conan/p/simpl965e19baece23/p/bootloader/platform/bootloader/core/btl_parse.c.obj
 .comment       0x0000000000000040       0x41 CMakeFiles/slc.dir/base/Users/zacharythornton/.silabs/slt/installs/conan/p/simpl965e19baece23/p/bootloader/platform/bootloader/core/btl_reset.c.obj
 .comment       0x0000000000000040       0x41 CMakeFiles/slc.dir/base/Users/zacharythornton/.silabs/slt/installs/conan/p/simpl965e19baece23/p/bootloader/platform/bootloader/core/flash/btl_internal_flash.c.obj
 .comment       0x0000000000000040       0x41 CMakeFiles/slc.dir/base/Users/zacharythornton/.silabs/slt/installs/conan/p/simpl965e19baece23/p/bootloader/platform/bootloader/parser/gbl/btl_gbl_format.c.obj
 .comment       0x0000000000000040       0x41 CMakeFiles/slc.dir/base/Users/zacharythornton/.silabs/slt/installs/conan/p/simpl965e19baece23/p/bootloader/platform/bootloader/parser/gbl/btl_gbl_parser.c.obj
 .comment       0x0000000000000040       0x41 CMakeFiles/slc.dir/base/Users/zacharythornton/.silabs/slt/installs/conan/p/simpl965e19baece23/p/bootloader/platform/bootloader/security/btl_crc32.c.obj
 .comment       0x0000000000000040       0x41 CMakeFiles/slc.dir/base/Users/zacharythornton/.silabs/slt/installs/conan/p/simpl965e19baece23/p/bootloader/platform/bootloader/security/btl_security_aes.c.obj
 .comment       0x0000000000000040       0x41 CMakeFiles/slc.dir/base/Users/zacharythornton/.silabs/slt/installs/conan/p/simpl965e19baece23/p/bootloader/platform/bootloader/security/btl_security_ecdsa.c.obj
 .comment       0x0000000000000040       0x41 CMakeFiles/slc.dir/base/Users/zacharythornton/.silabs/slt/installs/conan/p/simpl965e19baece23/p/bootloader/platform/bootloader/security/btl_security_sha256.c.obj
 .comment       0x0000000000000040       0x41 CMakeFiles/slc.dir/base/Users/zacharythornton/.silabs/slt/installs/conan/p/simpl965e19baece23/p/bootloader/platform/bootloader/security/btl_security_tokens.c.obj
 .comment       0x0000000000000040       0x41 CMakeFiles/slc.dir/base/Users/zacharythornton/.silabs/slt/installs/conan/p/simpl965e19baece23/p/bootloader/platform/bootloader/security/sha/btl_sha256.c.obj
 .comment       0x0000000000000040       0x41 CMakeFiles/slc.dir/base/Users/zacharythornton/.silabs/slt/installs/conan/p/simpl965e19baece23/p/bootloader/platform/bootloader/security/sha/se_sha.c.obj
 .comment       0x0000000000000040       0x41 CMakeFiles/slc.dir/base/Users/zacharythornton/.silabs/slt/installs/conan/p/simpl965e19baece23/p/bootloader/platform/bootloader/storage/bootloadinfo/btl_storage_bootloadinfo_single.c.obj
 .comment       0x0000000000000040       0x41 CMakeFiles/slc.dir/base/Users/zacharythornton/.silabs/slt/installs/conan/p/simpl965e19baece23/p/bootloader/platform/bootloader/storage/btl_storage.c.obj
 .comment       0x0000000000000040       0x41 CMakeFiles/slc.dir/base/Users/zacharythornton/.silabs/slt/installs/conan/p/simpl965e19baece23/p/bootloader/platform/bootloader/storage/btl_storage_library.c.obj
 .comment       0x0000000000000040       0x41 CMakeFiles/slc.dir/base/Users/zacharythornton/.silabs/slt/installs/conan/p/simpl965e19baece23/p/bootloader/platform/bootloader/storage/internal_flash/btl_storage_internal_flash.c.obj
 .comment       0x0000000000000040       0x41 CMakeFiles/slc.dir/base/Users/zacharythornton/.silabs/slt/installs/conan/p/simpl965e19baece23/p/bootloader/platform/bootloader/storage/internal_flash/btl_storage_internal_flash_raw.c.obj
 .comment       0x0000000000000040       0x41 CMakeFiles/slc.dir/base/Users/zacharythornton/.silabs/slt/installs/conan/p/simpl965e19baece23/p/devices/platform/Device/SiliconLabs/EFR32BG24/Source/startup_efr32bg24.c.obj
 .comment       0x0000000000000040       0x41 CMakeFiles/slc.dir/base/Users/zacharythornton/.silabs/slt/installs/conan/p/simpl965e19baece23/p/devices/platform/Device/SiliconLabs/EFR32BG24/Source/system_efr32bg24.c.obj
 .comment       0x0000000000000040       0x41 CMakeFiles/slc.dir/base/Users/zacharythornton/.silabs/slt/installs/conan/p/simpl965e19baece23/p/platform_core/platform/emlib/src/em_cmu.c.obj
 .comment       0x0000000000000040       0x41 CMakeFiles/slc.dir/base/Users/zacharythornton/.silabs/slt/installs/conan/p/simpl965e19baece23/p/platform_core/platform/emlib/src/em_msc.c.obj
 .comment       0x0000000000000040       0x41 CMakeFiles/slc.dir/base/Users/zacharythornton/.silabs/slt/installs/conan/p/simpl965e19baece23/p/platform_core/platform/service/memory_manager/src/sl_memory_manager_region.c.obj
 .comment       0x0000000000000040       0x41 CMakeFiles/slc.dir/base/Users/zacharythornton/.silabs/slt/installs/conan/p/simpl965e19baece23/p/security_mbedtls/platform/security/sl_component/sl_mbedtls_support/src/se_aes.c.obj
 .comment       0x0000000000000040       0x41 CMakeFiles/slc.dir/base/Users/zacharythornton/.silabs/slt/installs/conan/p/simpl965e19baece23/p/security_se_manager/platform/security/sl_component/se_manager/src/sl_se_manager.c.obj
 .comment       0x0000000000000040       0x41 CMakeFiles/slc.dir/base/Users/zacharythornton/.silabs/slt/installs/conan/p/simpl965e19baece23/p/security_se_manager/platform/security/sl_component/se_manager/src/sl_se_manager_util.c.obj
 .comment       0x0000000000000040       0x41 CMakeFiles/slc.dir/base/Users/zacharythornton/.silabs/slt/installs/conan/p/simpl965e19baece23/p/security_se_manager/platform/security/sl_component/se_manager/src/sli_se_manager_mailbox.c.obj

.debug_info     0x0000000000000000    0x2621c
 .debug_info    0x0000000000000000     0x2b51 CMakeFiles/slc.dir/base/Users/zacharythornton/.silabs/slt/installs/conan/p/simpl965e19baece23/p/bootloader/platform/bootloader/core/btl_bootload.c.obj
 .debug_info    0x0000000000002b51      0x106 CMakeFiles/slc.dir/base/Users/zacharythornton/.silabs/slt/installs/conan/p/simpl965e19baece23/p/bootloader/platform/bootloader/core/btl_core.c.obj
 .debug_info    0x0000000000002c57     0x1e6c CMakeFiles/slc.dir/base/Users/zacharythornton/.silabs/slt/installs/conan/p/simpl965e19baece23/p/bootloader/platform/bootloader/core/btl_main.c.obj
 .debug_info    0x0000000000004ac3      0xaf4 CMakeFiles/slc.dir/base/Users/zacharythornton/.silabs/slt/installs/conan/p/simpl965e19baece23/p/bootloader/platform/bootloader/core/btl_parse.c.obj
 .debug_info    0x00000000000055b7      0x651 CMakeFiles/slc.dir/base/Users/zacharythornton/.silabs/slt/installs/conan/p/simpl965e19baece23/p/bootloader/platform/bootloader/core/btl_reset.c.obj
 .debug_info    0x0000000000005c08      0xf16 CMakeFiles/slc.dir/base/Users/zacharythornton/.silabs/slt/installs/conan/p/simpl965e19baece23/p/bootloader/platform/bootloader/core/flash/btl_internal_flash.c.obj
 .debug_info    0x0000000000006b1e      0x241 CMakeFiles/slc.dir/base/Users/zacharythornton/.silabs/slt/installs/conan/p/simpl965e19baece23/p/bootloader/platform/bootloader/parser/gbl/btl_gbl_format.c.obj
 .debug_info    0x0000000000006d5f     0x2326 CMakeFiles/slc.dir/base/Users/zacharythornton/.silabs/slt/installs/conan/p/simpl965e19baece23/p/bootloader/platform/bootloader/parser/gbl/btl_gbl_parser.c.obj
 .debug_info    0x0000000000009085      0xef1 CMakeFiles/slc.dir/base/Users/zacharythornton/.silabs/slt/installs/conan/p/simpl965e19baece23/p/bootloader/platform/bootloader/security/btl_crc32.c.obj
 .debug_info    0x0000000000009f76     0x1115 CMakeFiles/slc.dir/base/Users/zacharythornton/.silabs/slt/installs/conan/p/simpl965e19baece23/p/bootloader/platform/bootloader/security/btl_security_aes.c.obj
 .debug_info    0x000000000000b08b      0xee6 CMakeFiles/slc.dir/base/Users/zacharythornton/.silabs/slt/installs/conan/p/simpl965e19baece23/p/bootloader/platform/bootloader/security/btl_security_ecdsa.c.obj
 .debug_info    0x000000000000bf71      0xe39 CMakeFiles/slc.dir/base/Users/zacharythornton/.silabs/slt/installs/conan/p/simpl965e19baece23/p/bootloader/platform/bootloader/security/btl_security_sha256.c.obj
 .debug_info    0x000000000000cdaa      0xddd CMakeFiles/slc.dir/base/Users/zacharythornton/.silabs/slt/installs/conan/p/simpl965e19baece23/p/bootloader/platform/bootloader/security/btl_security_tokens.c.obj
 .debug_info    0x000000000000db87      0x878 CMakeFiles/slc.dir/base/Users/zacharythornton/.silabs/slt/installs/conan/p/simpl965e19baece23/p/bootloader/platform/bootloader/security/sha/btl_sha256.c.obj
 .debug_info    0x000000000000e3ff      0xe88 CMakeFiles/slc.dir/base/Users/zacharythornton/.silabs/slt/installs/conan/p/simpl965e19baece23/p/bootloader/platform/bootloader/security/sha/se_sha.c.obj
 .debug_info    0x000000000000f287      0x197 CMakeFiles/slc.dir/base/Users/zacharythornton/.silabs/slt/installs/conan/p/simpl965e19baece23/p/bootloader/platform/bootloader/storage/bootloadinfo/btl_storage_bootloadinfo_single.c.obj
 .debug_info    0x000000000000f41e     0x1074 CMakeFiles/slc.dir/base/Users/zacharythornton/.silabs/slt/installs/conan/p/simpl965e19baece23/p/bootloader/platform/bootloader/storage/btl_storage.c.obj
 .debug_info    0x0000000000010492     0x195e CMakeFiles/slc.dir/base/Users/zacharythornton/.silabs/slt/installs/conan/p/simpl965e19baece23/p/bootloader/platform/bootloader/storage/btl_storage_library.c.obj
 .debug_info    0x0000000000011df0     0x1524 CMakeFiles/slc.dir/base/Users/zacharythornton/.silabs/slt/installs/conan/p/simpl965e19baece23/p/bootloader/platform/bootloader/storage/internal_flash/btl_storage_internal_flash.c.obj
 .debug_info    0x0000000000013314      0x37c CMakeFiles/slc.dir/base/Users/zacharythornton/.silabs/slt/installs/conan/p/simpl965e19baece23/p/bootloader/platform/bootloader/storage/internal_flash/btl_storage_internal_flash_raw.c.obj
 .debug_info    0x0000000000013690      0xae7 CMakeFiles/slc.dir/base/Users/zacharythornton/.silabs/slt/installs/conan/p/simpl965e19baece23/p/devices/platform/Device/SiliconLabs/EFR32BG24/Source/startup_efr32bg24.c.obj
 .debug_info    0x0000000000014177     0x14fa CMakeFiles/slc.dir/base/Users/zacharythornton/.silabs/slt/installs/conan/p/simpl965e19baece23/p/devices/platform/Device/SiliconLabs/EFR32BG24/Source/system_efr32bg24.c.obj